Archive member included to satisfy reference by file (symbol)

c:/progra~1/raspbe~1/picosd~1.1/gcc-ar~1/bin/../lib/gcc/arm-none-eabi/10.3.1/thumb/v6-m/nofp\libgcc.a(_dvmd_tls.o)
                              CMakeFiles/myblink_w.dir/C_/Program_Files/Raspberry_Pi/Pico_SDK_v1.5.1/pico-sdk/src/rp2_common/pico_divider/divider.S.obj (__aeabi_idiv0)
c:/progra~1/raspbe~1/picosd~1.1/gcc-ar~1/bin/../lib/gcc/arm-none-eabi/10.3.1/../../../../arm-none-eabi/lib/thumb/v6-m/nofp\libg.a(lib_a-calloc.o)
                              CMakeFiles/myblink_w.dir/C_/Program_Files/Raspberry_Pi/Pico_SDK_v1.5.1/pico-sdk/src/rp2_common/pico_malloc/pico_malloc.c.obj (calloc)
c:/progra~1/raspbe~1/picosd~1.1/gcc-ar~1/bin/../lib/gcc/arm-none-eabi/10.3.1/../../../../arm-none-eabi/lib/thumb/v6-m/nofp\libg.a(lib_a-callocr.o)
                              c:/progra~1/raspbe~1/picosd~1.1/gcc-ar~1/bin/../lib/gcc/arm-none-eabi/10.3.1/../../../../arm-none-eabi/lib/thumb/v6-m/nofp\libg.a(lib_a-calloc.o) (_calloc_r)
c:/progra~1/raspbe~1/picosd~1.1/gcc-ar~1/bin/../lib/gcc/arm-none-eabi/10.3.1/../../../../arm-none-eabi/lib/thumb/v6-m/nofp\libg.a(lib_a-errno.o)
                              c:/progra~1/raspbe~1/picosd~1.1/gcc-ar~1/bin/../lib/gcc/arm-none-eabi/10.3.1/../../../../arm-none-eabi/lib/thumb/v6-m/nofp\libg.a(lib_a-callocr.o) (__errno)
c:/progra~1/raspbe~1/picosd~1.1/gcc-ar~1/bin/../lib/gcc/arm-none-eabi/10.3.1/../../../../arm-none-eabi/lib/thumb/v6-m/nofp\libg.a(lib_a-impure.o)
                              c:/progra~1/raspbe~1/picosd~1.1/gcc-ar~1/bin/../lib/gcc/arm-none-eabi/10.3.1/../../../../arm-none-eabi/lib/thumb/v6-m/nofp\libg.a(lib_a-calloc.o) (_impure_ptr)
c:/progra~1/raspbe~1/picosd~1.1/gcc-ar~1/bin/../lib/gcc/arm-none-eabi/10.3.1/../../../../arm-none-eabi/lib/thumb/v6-m/nofp\libg.a(lib_a-init.o)
                              c:/progra~1/raspbe~1/picosd~1.1/gcc-ar~1/bin/../lib/gcc/arm-none-eabi/10.3.1/../../../../arm-none-eabi/lib/thumb/v6-m/nofp/crt0.o (__libc_init_array)
c:/progra~1/raspbe~1/picosd~1.1/gcc-ar~1/bin/../lib/gcc/arm-none-eabi/10.3.1/../../../../arm-none-eabi/lib/thumb/v6-m/nofp\libg.a(lib_a-malloc.o)
                              CMakeFiles/myblink_w.dir/C_/Program_Files/Raspberry_Pi/Pico_SDK_v1.5.1/pico-sdk/src/rp2_common/pico_malloc/pico_malloc.c.obj (malloc)
c:/progra~1/raspbe~1/picosd~1.1/gcc-ar~1/bin/../lib/gcc/arm-none-eabi/10.3.1/../../../../arm-none-eabi/lib/thumb/v6-m/nofp\libg.a(lib_a-mallocr.o)
                              c:/progra~1/raspbe~1/picosd~1.1/gcc-ar~1/bin/../lib/gcc/arm-none-eabi/10.3.1/../../../../arm-none-eabi/lib/thumb/v6-m/nofp\libg.a(lib_a-callocr.o) (_malloc_r)
c:/progra~1/raspbe~1/picosd~1.1/gcc-ar~1/bin/../lib/gcc/arm-none-eabi/10.3.1/../../../../arm-none-eabi/lib/thumb/v6-m/nofp\libg.a(lib_a-memcmp.o)
                              CMakeFiles/myblink_w.dir/C_/Program_Files/Raspberry_Pi/Pico_SDK_v1.5.1/pico-sdk/lib/cyw43-driver/src/cyw43_ll.c.obj (memcmp)
c:/progra~1/raspbe~1/picosd~1.1/gcc-ar~1/bin/../lib/gcc/arm-none-eabi/10.3.1/../../../../arm-none-eabi/lib/thumb/v6-m/nofp\libg.a(lib_a-memmove.o)
                              CMakeFiles/myblink_w.dir/C_/Program_Files/Raspberry_Pi/Pico_SDK_v1.5.1/pico-sdk/lib/cyw43-driver/src/cyw43_ll.c.obj (memmove)
c:/progra~1/raspbe~1/picosd~1.1/gcc-ar~1/bin/../lib/gcc/arm-none-eabi/10.3.1/../../../../arm-none-eabi/lib/thumb/v6-m/nofp\libg.a(lib_a-mlock.o)
                              c:/progra~1/raspbe~1/picosd~1.1/gcc-ar~1/bin/../lib/gcc/arm-none-eabi/10.3.1/../../../../arm-none-eabi/lib/thumb/v6-m/nofp\libg.a(lib_a-mallocr.o) (__malloc_lock)
c:/progra~1/raspbe~1/picosd~1.1/gcc-ar~1/bin/../lib/gcc/arm-none-eabi/10.3.1/../../../../arm-none-eabi/lib/thumb/v6-m/nofp\libg.a(lib_a-realloc.o)
                              CMakeFiles/myblink_w.dir/C_/Program_Files/Raspberry_Pi/Pico_SDK_v1.5.1/pico-sdk/src/rp2_common/pico_malloc/pico_malloc.c.obj (realloc)
c:/progra~1/raspbe~1/picosd~1.1/gcc-ar~1/bin/../lib/gcc/arm-none-eabi/10.3.1/../../../../arm-none-eabi/lib/thumb/v6-m/nofp\libg.a(lib_a-reallocr.o)
                              c:/progra~1/raspbe~1/picosd~1.1/gcc-ar~1/bin/../lib/gcc/arm-none-eabi/10.3.1/../../../../arm-none-eabi/lib/thumb/v6-m/nofp\libg.a(lib_a-realloc.o) (_realloc_r)
c:/progra~1/raspbe~1/picosd~1.1/gcc-ar~1/bin/../lib/gcc/arm-none-eabi/10.3.1/../../../../arm-none-eabi/lib/thumb/v6-m/nofp\libg.a(lib_a-sbrkr.o)
                              c:/progra~1/raspbe~1/picosd~1.1/gcc-ar~1/bin/../lib/gcc/arm-none-eabi/10.3.1/../../../../arm-none-eabi/lib/thumb/v6-m/nofp\libg.a(lib_a-mallocr.o) (_sbrk_r)
c:/progra~1/raspbe~1/picosd~1.1/gcc-ar~1/bin/../lib/gcc/arm-none-eabi/10.3.1/../../../../arm-none-eabi/lib/thumb/v6-m/nofp\libg.a(lib_a-strlen-stub.o)
                              CMakeFiles/myblink_w.dir/C_/Program_Files/Raspberry_Pi/Pico_SDK_v1.5.1/pico-sdk/src/rp2_common/pico_stdio/stdio.c.obj (strlen)
[...]
Memory Configuration

Name             Origin             Length             Attributes
FLASH            0x10000000         0x00200000         xr
RAM              0x20000000         0x00040000         xrw
SCRATCH_X        0x20040000         0x00001000         xrw
SCRATCH_Y        0x20041000         0x00001000         xrw
*default*        0x00000000         0xffffffff

Linker script and memory map

LOAD c:/progra~1/raspbe~1/picosd~1.1/gcc-ar~1/bin/../lib/gcc/arm-none-eabi/10.3.1/thumb/v6-m/nofp/crti.o
LOAD c:/progra~1/raspbe~1/picosd~1.1/gcc-ar~1/bin/../lib/gcc/arm-none-eabi/10.3.1/thumb/v6-m/nofp/crtbegin.o
LOAD c:/progra~1/raspbe~1/picosd~1.1/gcc-ar~1/bin/../lib/gcc/arm-none-eabi/10.3.1/../../../../arm-none-eabi/lib/thumb/v6-m/nofp/crt0.o

.flash_begin    0x10000000        0x0
                0x10000000                __flash_binary_start = .

.boot2          0x10000000      0x100
                0x10000000                __boot2_start__ = .
 *(.boot2)
 .boot2         0x10000000      0x100 C:\Users\Usuario\AppData\Local\Temp\cc0864OD.o
                0x10000100                __boot2_end__ = .
                0x00000001                ASSERT (((__boot2_end__ - __boot2_start__) == 0x100), ERROR: Pico second stage bootloader must be 256 bytes in size)

.text           0x10000100     0x68b0
                0x10000100                __logical_binary_start = .
 *(.vectors)
 .vectors       0x10000100       0xd4 CMakeFiles/myblink_w.dir/C_/Program_Files/Raspberry_Pi/Pico_SDK_v1.5.1/pico-sdk/src/rp2_common/pico_standard_link/crt0.S.obj
                0x10000100                __VECTOR_TABLE
                0x10000100                __vectors
                0x100001c0                isr_invalid
                0x100001c0                __default_isrs_start
                0x100001c2                isr_nmi
                0x100001c4                isr_hardfault
                0x100001c6                isr_svcall
                0x100001c8                isr_pendsv
                0x100001ca                isr_systick
                0x100001cc                isr_irq23
                0x100001cc                isr_irq18
                0x100001cc                isr_irq11
                0x100001cc                isr_irq28
                0x100001cc                isr_irq19
                0x100001cc                isr_irq0
                0x100001cc                isr_irq6
                0x100001cc                isr_irq5
                0x100001cc                isr_irq12
                0x100001cc                isr_irq22
                0x100001cc                isr_irq31
                0x100001cc                isr_irq17
                0x100001cc                isr_irq27
                0x100001cc                isr_irq30
                0x100001cc                isr_irq2
                0x100001cc                isr_irq10
                0x100001cc                isr_irq8
                0x100001cc                isr_irq24
                0x100001cc                isr_irq1
                0x100001cc                isr_irq7
                0x100001cc                isr_irq21
                0x100001cc                isr_irq20
                0x100001cc                isr_irq15
                0x100001cc                isr_irq25
                0x100001cc                isr_irq13
                0x100001cc                __unhandled_user_irq
                0x100001cc                isr_irq4
                0x100001cc                isr_irq16
                0x100001cc                isr_irq29
                0x100001cc                isr_irq26
                0x100001cc                __default_isrs_end
                0x100001cc                isr_irq3
                0x100001cc                isr_irq14
                0x100001cc                isr_irq9
                0x100001d2                unhandled_user_irq_num_in_r0
 *(.binary_info_header)
 .binary_info_header
                0x100001d4       0x14 CMakeFiles/myblink_w.dir/C_/Program_Files/Raspberry_Pi/Pico_SDK_v1.5.1/pico-sdk/src/rp2_common/pico_standard_link/crt0.S.obj
                0x100001e8                __binary_info_header_end = .
 *(.reset)
 .reset         0x100001e8       0xa0 CMakeFiles/myblink_w.dir/C_/Program_Files/Raspberry_Pi/Pico_SDK_v1.5.1/pico-sdk/src/rp2_common/pico_standard_link/crt0.S.obj
                0x100001e8                _entry_point
 .reset         0x10000288       0x30 CMakeFiles/myblink_w.dir/C_/Program_Files/Raspberry_Pi/Pico_SDK_v1.5.1/pico-sdk/src/rp2_common/pico_standard_link/binary_info.c.obj
 *(.init)
 .init          0x100002b8        0x4 c:/progra~1/raspbe~1/picosd~1.1/gcc-ar~1/bin/../lib/gcc/arm-none-eabi/10.3.1/thumb/v6-m/nofp/crti.o
                0x100002b8                _init
 *(EXCLUDE_FILE(*libm.a: *libc.a:*lib_a-mem*.o *libgcc.a:) .text*)
 .text          0x100002bc       0x48 c:/progra~1/raspbe~1/picosd~1.1/gcc-ar~1/bin/../lib/gcc/arm-none-eabi/10.3.1/thumb/v6-m/nofp/crtbegin.o
 .text.timer_callback1
                0x10000304       0x10 CMakeFiles/myblink_w.dir/Senal_pwm.c.obj
                0x10000304                timer_callback1
 .text.intToBinaryVector
                0x10000314       0x18 CMakeFiles/myblink_w.dir/Senal_pwm.c.obj
                0x10000314                intToBinaryVector
 .text.GenSenal
                0x1000032c      0x11c CMakeFiles/myblink_w.dir/Senal_pwm.c.obj
                0x1000032c                GenSenal
 .text.verificarTiempoTranscurrido
                0x10000448       0x54 CMakeFiles/myblink_w.dir/Senal_pwm.c.obj
                0x10000448                verificarTiempoTranscurrido
 .text.main     0x1000049c       0x98 CMakeFiles/myblink_w.dir/Senal_pwm.c.obj
                0x1000049c                main
 .text.gpio_set_function
                0x10000534       0x30 CMakeFiles/myblink_w.dir/C_/Program_Files/Raspberry_Pi/Pico_SDK_v1.5.1/pico-sdk/src/rp2_common/hardware_gpio/gpio.c.obj
                0x10000534                gpio_set_function
 .text.gpio_init
                0x10000564       0x16 CMakeFiles/myblink_w.dir/C_/Program_Files/Raspberry_Pi/Pico_SDK_v1.5.1/pico-sdk/src/rp2_common/hardware_gpio/gpio.c.obj
                0x10000564                gpio_init
 *fill*         0x1000057a        0x2 
 .text.running_on_fpga
                0x1000057c       0x14 CMakeFiles/myblink_w.dir/C_/Program_Files/Raspberry_Pi/Pico_SDK_v1.5.1/pico-sdk/src/rp2_common/pico_platform/platform.c.obj
                0x1000057c                running_on_fpga
 .text.hw_claim_lock
                0x10000590       0x18 CMakeFiles/myblink_w.dir/C_/Program_Files/Raspberry_Pi/Pico_SDK_v1.5.1/pico-sdk/src/rp2_common/hardware_claim/claim.c.obj
                0x10000590                hw_claim_lock
 .text.hw_claim_unlock
                0x100005a8       0x14 CMakeFiles/myblink_w.dir/C_/Program_Files/Raspberry_Pi/Pico_SDK_v1.5.1/pico-sdk/src/rp2_common/hardware_claim/claim.c.obj
                0x100005a8                hw_claim_unlock
 .text.hw_claim_or_assert
                0x100005bc       0x32 CMakeFiles/myblink_w.dir/C_/Program_Files/Raspberry_Pi/Pico_SDK_v1.5.1/pico-sdk/src/rp2_common/hardware_claim/claim.c.obj
                0x100005bc                hw_claim_or_assert
 .text.hw_claim_unused_from_range
                0x100005ee       0x50 CMakeFiles/myblink_w.dir/C_/Program_Files/Raspberry_Pi/Pico_SDK_v1.5.1/pico-sdk/src/rp2_common/hardware_claim/claim.c.obj
                0x100005ee                hw_claim_unused_from_range
 *fill*         0x1000063e        0x2 
 .text.spin_locks_reset
                0x10000640       0x20 CMakeFiles/myblink_w.dir/C_/Program_Files/Raspberry_Pi/Pico_SDK_v1.5.1/pico-sdk/src/rp2_common/hardware_sync/sync.c.obj
                0x10000640                spin_locks_reset
 .text.next_striped_spin_lock_num
                0x10000660       0x1c CMakeFiles/myblink_w.dir/C_/Program_Files/Raspberry_Pi/Pico_SDK_v1.5.1/pico-sdk/src/rp2_common/hardware_sync/sync.c.obj
                0x10000660                next_striped_spin_lock_num
 .text.spin_lock_claim_unused
                0x1000067c       0x20 CMakeFiles/myblink_w.dir/C_/Program_Files/Raspberry_Pi/Pico_SDK_v1.5.1/pico-sdk/src/rp2_common/hardware_sync/sync.c.obj
                0x1000067c                spin_lock_claim_unused
 .text.set_raw_irq_handler_and_unlock
                0x1000069c       0x28 CMakeFiles/myblink_w.dir/C_/Program_Files/Raspberry_Pi/Pico_SDK_v1.5.1/pico-sdk/src/rp2_common/hardware_irq/irq.c.obj
 .text.make_branch
                0x100006c4       0x48 CMakeFiles/myblink_w.dir/C_/Program_Files/Raspberry_Pi/Pico_SDK_v1.5.1/pico-sdk/src/rp2_common/hardware_irq/irq.c.obj
 .text.insert_branch_and_link
                0x1000070c       0x40 CMakeFiles/myblink_w.dir/C_/Program_Files/Raspberry_Pi/Pico_SDK_v1.5.1/pico-sdk/src/rp2_common/hardware_irq/irq.c.obj
 .text.irq_is_enabled
                0x1000074c       0x18 CMakeFiles/myblink_w.dir/C_/Program_Files/Raspberry_Pi/Pico_SDK_v1.5.1/pico-sdk/src/rp2_common/hardware_irq/irq.c.obj
                0x1000074c                irq_is_enabled
 .text.irq_set_mask_enabled
                0x10000764       0x20 CMakeFiles/myblink_w.dir/C_/Program_Files/Raspberry_Pi/Pico_SDK_v1.5.1/pico-sdk/src/rp2_common/hardware_irq/irq.c.obj
                0x10000764                irq_set_mask_enabled
 .text.irq_set_enabled
                0x10000784        0xe CMakeFiles/myblink_w.dir/C_/Program_Files/Raspberry_Pi/Pico_SDK_v1.5.1/pico-sdk/src/rp2_common/hardware_irq/irq.c.obj
                0x10000784                irq_set_enabled
 *fill*         0x10000792        0x2 
 .text.irq_set_pending
                0x10000794       0x10 CMakeFiles/myblink_w.dir/C_/Program_Files/Raspberry_Pi/Pico_SDK_v1.5.1/pico-sdk/src/rp2_common/hardware_irq/irq.c.obj
                0x10000794                irq_set_pending
 .text.irq_get_vtable_handler
                0x100007a4       0x10 CMakeFiles/myblink_w.dir/C_/Program_Files/Raspberry_Pi/Pico_SDK_v1.5.1/pico-sdk/src/rp2_common/hardware_irq/irq.c.obj
                0x100007a4                irq_get_vtable_handler
 .text.irq_has_shared_handler
                0x100007b4       0x24 CMakeFiles/myblink_w.dir/C_/Program_Files/Raspberry_Pi/Pico_SDK_v1.5.1/pico-sdk/src/rp2_common/hardware_irq/irq.c.obj
                0x100007b4                irq_has_shared_handler
 .text.irq_set_exclusive_handler
                0x100007d8       0x54 CMakeFiles/myblink_w.dir/C_/Program_Files/Raspberry_Pi/Pico_SDK_v1.5.1/pico-sdk/src/rp2_common/hardware_irq/irq.c.obj
                0x100007d8                irq_set_exclusive_handler
 .text.irq_add_shared_handler
                0x1000082c      0x234 CMakeFiles/myblink_w.dir/C_/Program_Files/Raspberry_Pi/Pico_SDK_v1.5.1/pico-sdk/src/rp2_common/hardware_irq/irq.c.obj
                0x1000082c                irq_add_shared_handler
 .text.irq_remove_handler
                0x10000a60      0x1ac CMakeFiles/myblink_w.dir/C_/Program_Files/Raspberry_Pi/Pico_SDK_v1.5.1/pico-sdk/src/rp2_common/hardware_irq/irq.c.obj
                0x10000a60                irq_remove_handler
 .text.irq_add_tail_to_free_list
                0x10000c0c       0xf0 CMakeFiles/myblink_w.dir/C_/Program_Files/Raspberry_Pi/Pico_SDK_v1.5.1/pico-sdk/src/rp2_common/hardware_irq/irq.c.obj
                0x10000c0c                irq_add_tail_to_free_list
 .text.irq_init_priorities
                0x10000cfc       0x1c CMakeFiles/myblink_w.dir/C_/Program_Files/Raspberry_Pi/Pico_SDK_v1.5.1/pico-sdk/src/rp2_common/hardware_irq/irq.c.obj
                0x10000cfc                irq_init_priorities
 .text.user_irq_claim_unused
                0x10000d18       0x28 CMakeFiles/myblink_w.dir/C_/Program_Files/Raspberry_Pi/Pico_SDK_v1.5.1/pico-sdk/src/rp2_common/hardware_irq/irq.c.obj
                0x10000d18                user_irq_claim_unused
 .text.lock_init
                0x10000d40       0x10 CMakeFiles/myblink_w.dir/C_/Program_Files/Raspberry_Pi/Pico_SDK_v1.5.1/pico-sdk/src/common/pico_sync/lock_core.c.obj
                0x10000d40                lock_init
 .text.mutex_init
                0x10000d50       0x1a CMakeFiles/myblink_w.dir/C_/Program_Files/Raspberry_Pi/Pico_SDK_v1.5.1/pico-sdk/src/common/pico_sync/mutex.c.obj
                0x10000d50                mutex_init
 .text.recursive_mutex_init
                0x10000d6a       0x1e CMakeFiles/myblink_w.dir/C_/Program_Files/Raspberry_Pi/Pico_SDK_v1.5.1/pico-sdk/src/common/pico_sync/mutex.c.obj
                0x10000d6a                recursive_mutex_init
 .text.critical_section_init_with_lock_num
                0x10000d88       0x14 CMakeFiles/myblink_w.dir/C_/Program_Files/Raspberry_Pi/Pico_SDK_v1.5.1/pico-sdk/src/common/pico_sync/critical_section.c.obj
                0x10000d88                critical_section_init_with_lock_num
 .text.critical_section_init
                0x10000d9c       0x14 CMakeFiles/myblink_w.dir/C_/Program_Files/Raspberry_Pi/Pico_SDK_v1.5.1/pico-sdk/src/common/pico_sync/critical_section.c.obj
                0x10000d9c                critical_section_init
 .text.repeating_timer_callback
                0x10000db0       0x40 CMakeFiles/myblink_w.dir/C_/Program_Files/Raspberry_Pi/Pico_SDK_v1.5.1/pico-sdk/src/common/pico_time/time.c.obj
 .text.alarm_pool_post_alloc_init
                0x10000df0       0x40 CMakeFiles/myblink_w.dir/C_/Program_Files/Raspberry_Pi/Pico_SDK_v1.5.1/pico-sdk/src/common/pico_time/time.c.obj
 .text.sleep_until_callback
                0x10000e30       0x30 CMakeFiles/myblink_w.dir/C_/Program_Files/Raspberry_Pi/Pico_SDK_v1.5.1/pico-sdk/src/common/pico_time/time.c.obj
 .text.timer_pool_entry_comparator
                0x10000e60       0x7c CMakeFiles/myblink_w.dir/C_/Program_Files/Raspberry_Pi/Pico_SDK_v1.5.1/pico-sdk/src/common/pico_time/time.c.obj
                0x10000e60                timer_pool_entry_comparator
 .text.ph_add_child_node
                0x10000edc       0xa4 CMakeFiles/myblink_w.dir/C_/Program_Files/Raspberry_Pi/Pico_SDK_v1.5.1/pico-sdk/src/common/pico_time/time.c.obj
 .text.ph_merge_nodes
                0x10000f80       0x3e CMakeFiles/myblink_w.dir/C_/Program_Files/Raspberry_Pi/Pico_SDK_v1.5.1/pico-sdk/src/common/pico_time/time.c.obj
 *fill*         0x10000fbe        0x2 
 .text.add_alarm_under_lock
                0x10000fc0      0x174 CMakeFiles/myblink_w.dir/C_/Program_Files/Raspberry_Pi/Pico_SDK_v1.5.1/pico-sdk/src/common/pico_time/time.c.obj
 .text.alarm_pool_alarm_callback
                0x10001134      0x33c CMakeFiles/myblink_w.dir/C_/Program_Files/Raspberry_Pi/Pico_SDK_v1.5.1/pico-sdk/src/common/pico_time/time.c.obj
 .text.alarm_pool_init_default
                0x10001470       0x40 CMakeFiles/myblink_w.dir/C_/Program_Files/Raspberry_Pi/Pico_SDK_v1.5.1/pico-sdk/src/common/pico_time/time.c.obj
                0x10001470                alarm_pool_init_default
 .text.alarm_pool_get_default
                0x100014b0       0x2c CMakeFiles/myblink_w.dir/C_/Program_Files/Raspberry_Pi/Pico_SDK_v1.5.1/pico-sdk/src/common/pico_time/time.c.obj
                0x100014b0                alarm_pool_get_default
 .text.alarm_pool_add_alarm_at
                0x100014dc      0x168 CMakeFiles/myblink_w.dir/C_/Program_Files/Raspberry_Pi/Pico_SDK_v1.5.1/pico-sdk/src/common/pico_time/time.c.obj
                0x100014dc                alarm_pool_add_alarm_at
 .text.alarm_pool_cancel_alarm
                0x10001644       0xf8 CMakeFiles/myblink_w.dir/C_/Program_Files/Raspberry_Pi/Pico_SDK_v1.5.1/pico-sdk/src/common/pico_time/time.c.obj
                0x10001644                alarm_pool_cancel_alarm
 .text.alarm_pool_core_num
                0x1000173c        0x4 CMakeFiles/myblink_w.dir/C_/Program_Files/Raspberry_Pi/Pico_SDK_v1.5.1/pico-sdk/src/common/pico_time/time.c.obj
                0x1000173c                alarm_pool_core_num
 .text.alarm_pool_add_repeating_timer_us
                0x10001740       0x98 CMakeFiles/myblink_w.dir/C_/Program_Files/Raspberry_Pi/Pico_SDK_v1.5.1/pico-sdk/src/common/pico_time/time.c.obj
                0x10001740                alarm_pool_add_repeating_timer_us
 .text.best_effort_wfe_or_timeout
                0x100017d8       0xac CMakeFiles/myblink_w.dir/C_/Program_Files/Raspberry_Pi/Pico_SDK_v1.5.1/pico-sdk/src/common/pico_time/time.c.obj
                0x100017d8                best_effort_wfe_or_timeout
 .text.hardware_alarm_irq_handler
                0x10001884       0x90 CMakeFiles/myblink_w.dir/C_/Program_Files/Raspberry_Pi/Pico_SDK_v1.5.1/pico-sdk/src/rp2_common/hardware_timer/timer.c.obj
 .text.hardware_alarm_claim
                0x10001914       0x18 CMakeFiles/myblink_w.dir/C_/Program_Files/Raspberry_Pi/Pico_SDK_v1.5.1/pico-sdk/src/rp2_common/hardware_timer/timer.c.obj
                0x10001914                hardware_alarm_claim
 .text.time_us_64
                0x1000192c       0x18 CMakeFiles/myblink_w.dir/C_/Program_Files/Raspberry_Pi/Pico_SDK_v1.5.1/pico-sdk/src/rp2_common/hardware_timer/timer.c.obj
                0x1000192c                time_us_64
 .text.hardware_alarm_set_callback
                0x10001944       0x90 CMakeFiles/myblink_w.dir/C_/Program_Files/Raspberry_Pi/Pico_SDK_v1.5.1/pico-sdk/src/rp2_common/hardware_timer/timer.c.obj
                0x10001944                hardware_alarm_set_callback
 .text.hardware_alarm_set_target
                0x100019d4       0xe8 CMakeFiles/myblink_w.dir/C_/Program_Files/Raspberry_Pi/Pico_SDK_v1.5.1/pico-sdk/src/rp2_common/hardware_timer/timer.c.obj
                0x100019d4                hardware_alarm_set_target
 .text.hardware_alarm_cancel
                0x10001abc       0x40 CMakeFiles/myblink_w.dir/C_/Program_Files/Raspberry_Pi/Pico_SDK_v1.5.1/pico-sdk/src/rp2_common/hardware_timer/timer.c.obj
                0x10001abc                hardware_alarm_cancel
 .text.ph_add_child_node
                0x10001afc       0xa4 CMakeFiles/myblink_w.dir/C_/Program_Files/Raspberry_Pi/Pico_SDK_v1.5.1/pico-sdk/src/common/pico_util/pheap.c.obj
 .text.ph_merge_nodes
                0x10001ba0       0x3e CMakeFiles/myblink_w.dir/C_/Program_Files/Raspberry_Pi/Pico_SDK_v1.5.1/pico-sdk/src/common/pico_util/pheap.c.obj
 *fill*         0x10001bde        0x2 
 .text.ph_clear
                0x10001be0       0x70 CMakeFiles/myblink_w.dir/C_/Program_Files/Raspberry_Pi/Pico_SDK_v1.5.1/pico-sdk/src/common/pico_util/pheap.c.obj
                0x10001be0                ph_clear
 .text.ph_post_alloc_init
                0x10001c50        0xe CMakeFiles/myblink_w.dir/C_/Program_Files/Raspberry_Pi/Pico_SDK_v1.5.1/pico-sdk/src/common/pico_util/pheap.c.obj
                0x10001c50                ph_post_alloc_init
 *fill*         0x10001c5e        0x2 
 .text.ph_merge_two_pass
                0x10001c60       0xa8 CMakeFiles/myblink_w.dir/C_/Program_Files/Raspberry_Pi/Pico_SDK_v1.5.1/pico-sdk/src/common/pico_util/pheap.c.obj
                0x10001c60                ph_merge_two_pass
 .text.ph_remove_any_head
                0x10001d08      0x128 CMakeFiles/myblink_w.dir/C_/Program_Files/Raspberry_Pi/Pico_SDK_v1.5.1/pico-sdk/src/common/pico_util/pheap.c.obj
 .text.ph_remove_head
                0x10001e30       0x14 CMakeFiles/myblink_w.dir/C_/Program_Files/Raspberry_Pi/Pico_SDK_v1.5.1/pico-sdk/src/common/pico_util/pheap.c.obj
                0x10001e30                ph_remove_head
 .text.ph_remove_and_free_node
                0x10001e44       0xf8 CMakeFiles/myblink_w.dir/C_/Program_Files/Raspberry_Pi/Pico_SDK_v1.5.1/pico-sdk/src/common/pico_util/pheap.c.obj
                0x10001e44                ph_remove_and_free_node
 .text.clock_configure
                0x10001f3c      0x108 CMakeFiles/myblink_w.dir/C_/Program_Files/Raspberry_Pi/Pico_SDK_v1.5.1/pico-sdk/src/rp2_common/hardware_clocks/clocks.c.obj
                0x10001f3c                clock_configure
 .text.clocks_init
                0x10002044      0x100 CMakeFiles/myblink_w.dir/C_/Program_Files/Raspberry_Pi/Pico_SDK_v1.5.1/pico-sdk/src/rp2_common/hardware_clocks/clocks.c.obj
                0x10002044                clocks_init
 .text.pll_init
                0x10002144      0x120 CMakeFiles/myblink_w.dir/C_/Program_Files/Raspberry_Pi/Pico_SDK_v1.5.1/pico-sdk/src/rp2_common/hardware_pll/pll.c.obj
                0x10002144                pll_init
 .text.watchdog_start_tick
                0x10002264       0x10 CMakeFiles/myblink_w.dir/C_/Program_Files/Raspberry_Pi/Pico_SDK_v1.5.1/pico-sdk/src/rp2_common/hardware_watchdog/watchdog.c.obj
                0x10002264                watchdog_start_tick
 .text.watchdog_update
                0x10002274       0x14 CMakeFiles/myblink_w.dir/C_/Program_Files/Raspberry_Pi/Pico_SDK_v1.5.1/pico-sdk/src/rp2_common/hardware_watchdog/watchdog.c.obj
                0x10002274                watchdog_update
 .text._watchdog_enable
                0x10002288       0x78 CMakeFiles/myblink_w.dir/C_/Program_Files/Raspberry_Pi/Pico_SDK_v1.5.1/pico-sdk/src/rp2_common/hardware_watchdog/watchdog.c.obj
                0x10002288                _watchdog_enable
 .text.watchdog_reboot
                0x10002300       0x48 CMakeFiles/myblink_w.dir/C_/Program_Files/Raspberry_Pi/Pico_SDK_v1.5.1/pico-sdk/src/rp2_common/hardware_watchdog/watchdog.c.obj
                0x10002300                watchdog_reboot
 .text.xosc_init
                0x10002348       0x28 CMakeFiles/myblink_w.dir/C_/Program_Files/Raspberry_Pi/Pico_SDK_v1.5.1/pico-sdk/src/rp2_common/hardware_xosc/xosc.c.obj
                0x10002348                xosc_init
 .text._exit    0x10002370        0x4 CMakeFiles/myblink_w.dir/C_/Program_Files/Raspberry_Pi/Pico_SDK_v1.5.1/pico-sdk/src/rp2_common/pico_runtime/runtime.c.obj
                0x10002370                _exit
 .text.exit     0x10002374        0x6 CMakeFiles/myblink_w.dir/C_/Program_Files/Raspberry_Pi/Pico_SDK_v1.5.1/pico-sdk/src/rp2_common/pico_runtime/runtime.c.obj
                0x10002374                exit
 *fill*         0x1000237a        0x2 
 .text.__assert_func
                0x1000237c       0x3c CMakeFiles/myblink_w.dir/C_/Program_Files/Raspberry_Pi/Pico_SDK_v1.5.1/pico-sdk/src/rp2_common/pico_runtime/runtime.c.obj
                0x1000237c                __assert_func
 .text.runtime_init
                0x100023b8       0xf8 CMakeFiles/myblink_w.dir/C_/Program_Files/Raspberry_Pi/Pico_SDK_v1.5.1/pico-sdk/src/rp2_common/pico_runtime/runtime.c.obj
                0x100023b8                runtime_init
 .text._gettimeofday
                0x100024b0       0x5c CMakeFiles/myblink_w.dir/C_/Program_Files/Raspberry_Pi/Pico_SDK_v1.5.1/pico-sdk/src/rp2_common/pico_runtime/runtime.c.obj
                0x100024b0                _gettimeofday
 .text.panic    0x1000250c       0x30 CMakeFiles/myblink_w.dir/C_/Program_Files/Raspberry_Pi/Pico_SDK_v1.5.1/pico-sdk/src/rp2_common/pico_runtime/runtime.c.obj
                0x1000250c                panic
 .text._out_null
                0x1000253c        0x2 CMakeFiles/myblink_w.dir/C_/Program_Files/Raspberry_Pi/Pico_SDK_v1.5.1/pico-sdk/src/rp2_common/pico_printf/printf.c.obj
 .text._out_fct
                0x1000253e        0xe CMakeFiles/myblink_w.dir/C_/Program_Files/Raspberry_Pi/Pico_SDK_v1.5.1/pico-sdk/src/rp2_common/pico_printf/printf.c.obj
 .text._atoi    0x1000254c       0x24 CMakeFiles/myblink_w.dir/C_/Program_Files/Raspberry_Pi/Pico_SDK_v1.5.1/pico-sdk/src/rp2_common/pico_printf/printf.c.obj
 .text._out_rev
                0x10002570       0xae CMakeFiles/myblink_w.dir/C_/Program_Files/Raspberry_Pi/Pico_SDK_v1.5.1/pico-sdk/src/rp2_common/pico_printf/printf.c.obj
 .text._ntoa_format
                0x1000261e      0x112 CMakeFiles/myblink_w.dir/C_/Program_Files/Raspberry_Pi/Pico_SDK_v1.5.1/pico-sdk/src/rp2_common/pico_printf/printf.c.obj
 .text._ntoa_long
                0x10002730       0xbc CMakeFiles/myblink_w.dir/C_/Program_Files/Raspberry_Pi/Pico_SDK_v1.5.1/pico-sdk/src/rp2_common/pico_printf/printf.c.obj
 .text._ntoa_long_long
                0x100027ec       0xe2 CMakeFiles/myblink_w.dir/C_/Program_Files/Raspberry_Pi/Pico_SDK_v1.5.1/pico-sdk/src/rp2_common/pico_printf/printf.c.obj
 *fill*         0x100028ce        0x2 
 .text._etoa    0x100028d0      0x414 CMakeFiles/myblink_w.dir/C_/Program_Files/Raspberry_Pi/Pico_SDK_v1.5.1/pico-sdk/src/rp2_common/pico_printf/printf.c.obj
 .text._ftoa    0x10002ce4      0x354 CMakeFiles/myblink_w.dir/C_/Program_Files/Raspberry_Pi/Pico_SDK_v1.5.1/pico-sdk/src/rp2_common/pico_printf/printf.c.obj
 .text._vsnprintf
                0x10003038      0x624 CMakeFiles/myblink_w.dir/C_/Program_Files/Raspberry_Pi/Pico_SDK_v1.5.1/pico-sdk/src/rp2_common/pico_printf/printf.c.obj
 .text.vfctprintf
                0x1000365c       0x20 CMakeFiles/myblink_w.dir/C_/Program_Files/Raspberry_Pi/Pico_SDK_v1.5.1/pico-sdk/src/rp2_common/pico_printf/printf.c.obj
                0x1000365c                vfctprintf
 .text          0x1000367c       0x10 CMakeFiles/myblink_w.dir/C_/Program_Files/Raspberry_Pi/Pico_SDK_v1.5.1/pico-sdk/src/rp2_common/pico_bit_ops/bit_ops_aeabi.S.obj
 .text.rom_func_lookup
                0x1000368c       0x10 CMakeFiles/myblink_w.dir/C_/Program_Files/Raspberry_Pi/Pico_SDK_v1.5.1/pico-sdk/src/rp2_common/pico_bootrom/bootrom.c.obj
                0x1000368c                rom_func_lookup
 .text.rom_data_lookup
                0x1000369c       0x10 CMakeFiles/myblink_w.dir/C_/Program_Files/Raspberry_Pi/Pico_SDK_v1.5.1/pico-sdk/src/rp2_common/pico_bootrom/bootrom.c.obj
                0x1000369c                rom_data_lookup
 .text.rom_funcs_lookup
                0x100036ac       0x36 CMakeFiles/myblink_w.dir/C_/Program_Files/Raspberry_Pi/Pico_SDK_v1.5.1/pico-sdk/src/rp2_common/pico_bootrom/bootrom.c.obj
                0x100036ac                rom_funcs_lookup
 *fill*         0x100036e2        0x2 
 .text.__wrap___aeabi_idiv
                0x100036e4       0x50 CMakeFiles/myblink_w.dir/C_/Program_Files/Raspberry_Pi/Pico_SDK_v1.5.1/pico-sdk/src/rp2_common/pico_divider/divider.S.obj
                0x100036e4                __wrap___aeabi_idivmod
                0x100036e4                divmod_s32s32
                0x100036e4                div_s32s32
                0x100036e4                __wrap___aeabi_idiv
                0x100036ec                divmod_s32s32_unsafe
                0x10003718                divmod_s32s32_savestate
 .text.__wrap___aeabi_uidiv
                0x10003734       0x4c CMakeFiles/myblink_w.dir/C_/Program_Files/Raspberry_Pi/Pico_SDK_v1.5.1/pico-sdk/src/rp2_common/pico_divider/divider.S.obj
                0x10003734                __wrap___aeabi_uidiv
                0x10003734                __wrap___aeabi_uidivmod
                0x10003734                div_u32u32
                0x10003734                divmod_u32u32
                0x1000373c                divmod_u32u32_unsafe
                0x10003764                divmod_u32u32_savestate
 .text.__wrap___aeabi_ldiv
                0x10003780      0x424 CMakeFiles/myblink_w.dir/C_/Program_Files/Raspberry_Pi/Pico_SDK_v1.5.1/pico-sdk/src/rp2_common/pico_divider/divider.S.obj
                0x10003780                div_s64s64
                0x10003780                divmod_s64s64
                0x10003780                __wrap___aeabi_ldivmod
                0x100037b0                divmod_u64u64
                0x100037b0                div_u64u64
                0x100037b0                __wrap___aeabi_uldivmod
                0x100037c0                divmod_u64u64_savestate
                0x100037e0                divmod_s64s64_unsafe
                0x10003868                divmod_u64u64_unsafe
 .text.__wrap___aeabi_darithmetic
                0x10003ba4       0x60 CMakeFiles/myblink_w.dir/C_/Program_Files/Raspberry_Pi/Pico_SDK_v1.5.1/pico-sdk/src/rp2_common/pico_double/double_aeabi.S.obj
                0x10003ba4                __wrap___aeabi_drsub
                0x10003baa                __wrap___aeabi_dsub
                0x10003bb4                __wrap___aeabi_dadd
                0x10003bbe                __wrap___aeabi_ddiv
                0x10003bf2                __wrap___aeabi_dmul
 .text.__wrap___aeabi_cdcmple
                0x10003c04       0x6c CMakeFiles/myblink_w.dir/C_/Program_Files/Raspberry_Pi/Pico_SDK_v1.5.1/pico-sdk/src/rp2_common/pico_double/double_aeabi.S.obj
                0x10003c04                __wrap___aeabi_cdrcmple
                0x10003c14                __wrap___aeabi_cdcmpeq
                0x10003c14                __wrap___aeabi_cdcmple
 .text.__wrap___aeabi_dcmplt
                0x10003c70        0xc CMakeFiles/myblink_w.dir/C_/Program_Files/Raspberry_Pi/Pico_SDK_v1.5.1/pico-sdk/src/rp2_common/pico_double/double_aeabi.S.obj
                0x10003c70                __wrap___aeabi_dcmplt
 .text.__wrap___aeabi_dcmple
                0x10003c7c       0x10 CMakeFiles/myblink_w.dir/C_/Program_Files/Raspberry_Pi/Pico_SDK_v1.5.1/pico-sdk/src/rp2_common/pico_double/double_aeabi.S.obj
                0x10003c7c                __wrap___aeabi_dcmple
 .text.__wrap___aeabi_dcmpge
                0x10003c8c       0x10 CMakeFiles/myblink_w.dir/C_/Program_Files/Raspberry_Pi/Pico_SDK_v1.5.1/pico-sdk/src/rp2_common/pico_double/double_aeabi.S.obj
                0x10003c8c                __wrap___aeabi_dcmpge
 .text.__wrap___aeabi_dcmpgt
                0x10003c9c        0xa CMakeFiles/myblink_w.dir/C_/Program_Files/Raspberry_Pi/Pico_SDK_v1.5.1/pico-sdk/src/rp2_common/pico_double/double_aeabi.S.obj
                0x10003c9c                __wrap___aeabi_dcmpgt
 .text.__wrap___aeabi_dcmpun
                0x10003ca6       0x1c CMakeFiles/myblink_w.dir/C_/Program_Files/Raspberry_Pi/Pico_SDK_v1.5.1/pico-sdk/src/rp2_common/pico_double/double_aeabi.S.obj
                0x10003ca6                __wrap___aeabi_dcmpun
 *fill*         0x10003cc2        0x2 
 .text.__wrap___aeabi_i2d
                0x10003cc4       0x38 CMakeFiles/myblink_w.dir/C_/Program_Files/Raspberry_Pi/Pico_SDK_v1.5.1/pico-sdk/src/rp2_common/pico_double/double_aeabi.S.obj
                0x10003cc4                __wrap___aeabi_ui2d
                0x10003ccc                __wrap___aeabi_i2d
 .text.__wrap___aeabi_d2iz
                0x10003cfc       0x48 CMakeFiles/myblink_w.dir/C_/Program_Files/Raspberry_Pi/Pico_SDK_v1.5.1/pico-sdk/src/rp2_common/pico_double/double_aeabi.S.obj
                0x10003cfc                double2int_z
                0x10003cfc                __wrap___aeabi_d2iz
 .text.__wrap___aeabi_d2uiz
                0x10003d44       0x10 CMakeFiles/myblink_w.dir/C_/Program_Files/Raspberry_Pi/Pico_SDK_v1.5.1/pico-sdk/src/rp2_common/pico_double/double_aeabi.S.obj
                0x10003d44                __wrap___aeabi_d2uiz
                0x10003d44                double2uint
 .text.missing_double_func_shim
                0x10003d54        0xc CMakeFiles/myblink_w.dir/C_/Program_Files/Raspberry_Pi/Pico_SDK_v1.5.1/pico-sdk/src/rp2_common/pico_double/double_init_rom.c.obj
 .text.__aeabi_double_init
                0x10003d60       0xcc CMakeFiles/myblink_w.dir/C_/Program_Files/Raspberry_Pi/Pico_SDK_v1.5.1/pico-sdk/src/rp2_common/pico_double/double_init_rom.c.obj
                0x10003d60                __aeabi_double_init
 .text.double_table_shim_on_use_helper
                0x10003e2c       0x34 CMakeFiles/myblink_w.dir/C_/Program_Files/Raspberry_Pi/Pico_SDK_v1.5.1/pico-sdk/src/rp2_common/pico_double/double_v1_rom_shim.S.obj
                0x10003e2c                double_table_shim_on_use_helper
 .text.__aeabi_lmul
                0x10003e60       0x32 CMakeFiles/myblink_w.dir/C_/Program_Files/Raspberry_Pi/Pico_SDK_v1.5.1/pico-sdk/src/rp2_common/pico_int64_ops/pico_int64_ops_aeabi.S.obj
                0x10003e60                __wrap___aeabi_lmul
 *fill*         0x10003e92        0x2 
 .text.missing_float_func_shim
                0x10003e94        0xc CMakeFiles/myblink_w.dir/C_/Program_Files/Raspberry_Pi/Pico_SDK_v1.5.1/pico-sdk/src/rp2_common/pico_float/float_init_rom.c.obj
 .text.__aeabi_float_init
                0x10003ea0       0x88 CMakeFiles/myblink_w.dir/C_/Program_Files/Raspberry_Pi/Pico_SDK_v1.5.1/pico-sdk/src/rp2_common/pico_float/float_init_rom.c.obj
                0x10003ea0                __aeabi_float_init
 .text          0x10003f28       0x10 CMakeFiles/myblink_w.dir/C_/Program_Files/Raspberry_Pi/Pico_SDK_v1.5.1/pico-sdk/src/rp2_common/pico_mem_ops/mem_ops_aeabi.S.obj
                0x10003f28                __aeabi_mem_init
 .text.memset   0x10003f38        0xc CMakeFiles/myblink_w.dir/C_/Program_Files/Raspberry_Pi/Pico_SDK_v1.5.1/pico-sdk/src/rp2_common/pico_mem_ops/mem_ops_aeabi.S.obj
                0x10003f38                __wrap_memset
 .text.memcpy   0x10003f44        0xc CMakeFiles/myblink_w.dir/C_/Program_Files/Raspberry_Pi/Pico_SDK_v1.5.1/pico-sdk/src/rp2_common/pico_mem_ops/mem_ops_aeabi.S.obj
                0x10003f44                __wrap_memcpy
                0x10003f44                __wrap___aeabi_memcpy
 .text.stdio_out_chars_no_crlf
                0x10003f50        0xe CMakeFiles/myblink_w.dir/C_/Program_Files/Raspberry_Pi/Pico_SDK_v1.5.1/pico-sdk/src/rp2_common/pico_stdio/stdio.c.obj
 *fill*         0x10003f5e        0x2 
 .text.stdio_out_chars_crlf
                0x10003f60       0x80 CMakeFiles/myblink_w.dir/C_/Program_Files/Raspberry_Pi/Pico_SDK_v1.5.1/pico-sdk/src/rp2_common/pico_stdio/stdio.c.obj
 .text.stdio_stack_buffer_flush
                0x10003fe0       0x44 CMakeFiles/myblink_w.dir/C_/Program_Files/Raspberry_Pi/Pico_SDK_v1.5.1/pico-sdk/src/rp2_common/pico_stdio/stdio.c.obj
 .text.stdio_buffered_printer
                0x10004024       0x20 CMakeFiles/myblink_w.dir/C_/Program_Files/Raspberry_Pi/Pico_SDK_v1.5.1/pico-sdk/src/rp2_common/pico_stdio/stdio.c.obj
 .text.stdout_serialize_begin
                0x10004044       0x5c CMakeFiles/myblink_w.dir/C_/Program_Files/Raspberry_Pi/Pico_SDK_v1.5.1/pico-sdk/src/rp2_common/pico_stdio/stdio.c.obj
                0x10004044                stdout_serialize_begin
 .text.stdout_serialize_end
                0x100040a0       0x10 CMakeFiles/myblink_w.dir/C_/Program_Files/Raspberry_Pi/Pico_SDK_v1.5.1/pico-sdk/src/rp2_common/pico_stdio/stdio.c.obj
                0x100040a0                stdout_serialize_end
 .text.stdio_put_string
                0x100040b0       0x98 CMakeFiles/myblink_w.dir/C_/Program_Files/Raspberry_Pi/Pico_SDK_v1.5.1/pico-sdk/src/rp2_common/pico_stdio/stdio.c.obj
 .text.stdio_set_driver_enabled
                0x10004148       0x2c CMakeFiles/myblink_w.dir/C_/Program_Files/Raspberry_Pi/Pico_SDK_v1.5.1/pico-sdk/src/rp2_common/pico_stdio/stdio.c.obj
                0x10004148                stdio_set_driver_enabled
 .text.stdio_flush
                0x10004174       0x20 CMakeFiles/myblink_w.dir/C_/Program_Files/Raspberry_Pi/Pico_SDK_v1.5.1/pico-sdk/src/rp2_common/pico_stdio/stdio.c.obj
                0x10004174                stdio_flush
 .text.__wrap_puts
                0x10004194       0x1e CMakeFiles/myblink_w.dir/C_/Program_Files/Raspberry_Pi/Pico_SDK_v1.5.1/pico-sdk/src/rp2_common/pico_stdio/stdio.c.obj
                0x10004194                __wrap_puts
 *fill*         0x100041b2        0x2 
 .text.__wrap_vprintf
                0x100041b4       0x40 CMakeFiles/myblink_w.dir/C_/Program_Files/Raspberry_Pi/Pico_SDK_v1.5.1/pico-sdk/src/rp2_common/pico_stdio/stdio.c.obj
                0x100041b4                __wrap_vprintf
 .text.__wrap_printf
                0x100041f4       0x18 CMakeFiles/myblink_w.dir/C_/Program_Files/Raspberry_Pi/Pico_SDK_v1.5.1/pico-sdk/src/rp2_common/pico_stdio/stdio.c.obj
                0x100041f4                __wrap_printf
 .text.stdio_init_all
                0x1000420c        0x8 CMakeFiles/myblink_w.dir/C_/Program_Files/Raspberry_Pi/Pico_SDK_v1.5.1/pico-sdk/src/rp2_common/pico_stdio/stdio.c.obj
                0x1000420c                stdio_init_all
 .text.resetd_init
                0x10004214        0x2 CMakeFiles/myblink_w.dir/C_/Program_Files/Raspberry_Pi/Pico_SDK_v1.5.1/pico-sdk/src/rp2_common/pico_stdio_usb/reset_interface.c.obj
 *fill*         0x10004216        0x2 
 .text.resetd_reset
                0x10004218        0xc CMakeFiles/myblink_w.dir/C_/Program_Files/Raspberry_Pi/Pico_SDK_v1.5.1/pico-sdk/src/rp2_common/pico_stdio_usb/reset_interface.c.obj
 .text.resetd_open
                0x10004224       0x34 CMakeFiles/myblink_w.dir/C_/Program_Files/Raspberry_Pi/Pico_SDK_v1.5.1/pico-sdk/src/rp2_common/pico_stdio_usb/reset_interface.c.obj
 .text.resetd_xfer_cb
                0x10004258        0x4 CMakeFiles/myblink_w.dir/C_/Program_Files/Raspberry_Pi/Pico_SDK_v1.5.1/pico-sdk/src/rp2_common/pico_stdio_usb/reset_interface.c.obj
 .text.reset_usb_boot
                0x1000425c       0x18 CMakeFiles/myblink_w.dir/C_/Program_Files/Raspberry_Pi/Pico_SDK_v1.5.1/pico-sdk/src/rp2_common/pico_stdio_usb/reset_interface.c.obj
 .text.resetd_control_xfer_cb
                0x10004274       0x5c CMakeFiles/myblink_w.dir/C_/Program_Files/Raspberry_Pi/Pico_SDK_v1.5.1/pico-sdk/src/rp2_common/pico_stdio_usb/reset_interface.c.obj
 .text.usbd_app_driver_get_cb
                0x100042d0        0xc CMakeFiles/myblink_w.dir/C_/Program_Files/Raspberry_Pi/Pico_SDK_v1.5.1/pico-sdk/src/rp2_common/pico_stdio_usb/reset_interface.c.obj
                0x100042d0                usbd_app_driver_get_cb
 .text.tud_cdc_line_coding_cb
                0x100042dc       0x28 CMakeFiles/myblink_w.dir/C_/Program_Files/Raspberry_Pi/Pico_SDK_v1.5.1/pico-sdk/src/rp2_common/pico_stdio_usb/reset_interface.c.obj
                0x100042dc                tud_cdc_line_coding_cb
 .text.stdio_usb_set_chars_available_callback
                0x10004304       0x14 CMakeFiles/myblink_w.dir/C_/Program_Files/Raspberry_Pi/Pico_SDK_v1.5.1/pico-sdk/src/rp2_common/pico_stdio_usb/stdio_usb.c.obj
                0x10004304                stdio_usb_set_chars_available_callback
 .text.usb_irq  0x10004318       0x10 CMakeFiles/myblink_w.dir/C_/Program_Files/Raspberry_Pi/Pico_SDK_v1.5.1/pico-sdk/src/rp2_common/pico_stdio_usb/stdio_usb.c.obj
 .text.timer_task
                0x10004328       0x5c CMakeFiles/myblink_w.dir/C_/Program_Files/Raspberry_Pi/Pico_SDK_v1.5.1/pico-sdk/src/rp2_common/pico_stdio_usb/stdio_usb.c.obj
 .text.low_priority_worker_irq
                0x10004384       0xdc CMakeFiles/myblink_w.dir/C_/Program_Files/Raspberry_Pi/Pico_SDK_v1.5.1/pico-sdk/src/rp2_common/pico_stdio_usb/stdio_usb.c.obj
 .text.tud_cdc_rx_cb
                0x10004460       0x20 CMakeFiles/myblink_w.dir/C_/Program_Files/Raspberry_Pi/Pico_SDK_v1.5.1/pico-sdk/src/rp2_common/pico_stdio_usb/stdio_usb.c.obj
                0x10004460                tud_cdc_rx_cb
 .text.stdio_usb_init
                0x10004480      0x11c CMakeFiles/myblink_w.dir/C_/Program_Files/Raspberry_Pi/Pico_SDK_v1.5.1/pico-sdk/src/rp2_common/pico_stdio_usb/stdio_usb.c.obj
                0x10004480                stdio_usb_init
 .text.stdio_usb_connected
                0x1000459c        0xa CMakeFiles/myblink_w.dir/C_/Program_Files/Raspberry_Pi/Pico_SDK_v1.5.1/pico-sdk/src/rp2_common/pico_stdio_usb/stdio_usb.c.obj
                0x1000459c                stdio_usb_connected
 *fill*         0x100045a6        0x2 
 .text.stdio_usb_in_chars
                0x100045a8       0xc4 CMakeFiles/myblink_w.dir/C_/Program_Files/Raspberry_Pi/Pico_SDK_v1.5.1/pico-sdk/src/rp2_common/pico_stdio_usb/stdio_usb.c.obj
                0x100045a8                stdio_usb_in_chars
 .text.stdio_usb_out_chars
                0x1000466c      0x114 CMakeFiles/myblink_w.dir/C_/Program_Files/Raspberry_Pi/Pico_SDK_v1.5.1/pico-sdk/src/rp2_common/pico_stdio_usb/stdio_usb.c.obj
 .text.tud_descriptor_device_cb
                0x10004780        0x8 CMakeFiles/myblink_w.dir/C_/Program_Files/Raspberry_Pi/Pico_SDK_v1.5.1/pico-sdk/src/rp2_common/pico_stdio_usb/stdio_usb_descriptors.c.obj
                0x10004780                tud_descriptor_device_cb
 .text.tud_descriptor_configuration_cb
                0x10004788        0x8 CMakeFiles/myblink_w.dir/C_/Program_Files/Raspberry_Pi/Pico_SDK_v1.5.1/pico-sdk/src/rp2_common/pico_stdio_usb/stdio_usb_descriptors.c.obj
                0x10004788                tud_descriptor_configuration_cb
 .text.tud_descriptor_string_cb
                0x10004790       0x6c CMakeFiles/myblink_w.dir/C_/Program_Files/Raspberry_Pi/Pico_SDK_v1.5.1/pico-sdk/src/rp2_common/pico_stdio_usb/stdio_usb_descriptors.c.obj
                0x10004790                tud_descriptor_string_cb
 .text._retrieve_unique_id_on_boot
                0x100047fc       0x10 CMakeFiles/myblink_w.dir/C_/Program_Files/Raspberry_Pi/Pico_SDK_v1.5.1/pico-sdk/src/rp2_common/pico_unique_id/unique_id.c.obj
 .text.pico_get_unique_board_id_string
                0x1000480c       0x60 CMakeFiles/myblink_w.dir/C_/Program_Files/Raspberry_Pi/Pico_SDK_v1.5.1/pico-sdk/src/rp2_common/pico_unique_id/unique_id.c.obj
                0x1000480c                pico_get_unique_board_id_string
 .text.flash_get_unique_id
                0x1000486c       0x46 CMakeFiles/myblink_w.dir/C_/Program_Files/Raspberry_Pi/Pico_SDK_v1.5.1/pico-sdk/src/rp2_common/hardware_flash/flash.c.obj
                0x1000486c                flash_get_unique_id
 *fill*         0x100048b2        0x2 
 .text.hw_endpoint_get_by_addr
                0x100048b4       0x18 CMakeFiles/myblink_w.dir/C_/Program_Files/Raspberry_Pi/Pico_SDK_v1.5.1/pico-sdk/lib/tinyusb/src/portable/raspberrypi/rp2040/dcd_rp2040.c.obj
 .text._hw_endpoint_alloc
                0x100048cc       0x70 CMakeFiles/myblink_w.dir/C_/Program_Files/Raspberry_Pi/Pico_SDK_v1.5.1/pico-sdk/lib/tinyusb/src/portable/raspberrypi/rp2040/dcd_rp2040.c.obj
 .text.hw_endpoint_init
                0x1000493c       0x88 CMakeFiles/myblink_w.dir/C_/Program_Files/Raspberry_Pi/Pico_SDK_v1.5.1/pico-sdk/lib/tinyusb/src/portable/raspberrypi/rp2040/dcd_rp2040.c.obj
 .text.hw_endpoint_xfer
                0x100049c4       0x14 CMakeFiles/myblink_w.dir/C_/Program_Files/Raspberry_Pi/Pico_SDK_v1.5.1/pico-sdk/lib/tinyusb/src/portable/raspberrypi/rp2040/dcd_rp2040.c.obj
 .text.dcd_int_enable
                0x100049d8       0x2c CMakeFiles/myblink_w.dir/C_/Program_Files/Raspberry_Pi/Pico_SDK_v1.5.1/pico-sdk/lib/tinyusb/src/portable/raspberrypi/rp2040/dcd_rp2040.c.obj
                0x100049d8                dcd_int_enable
 .text.dcd_set_address
                0x10004a04       0x2c CMakeFiles/myblink_w.dir/C_/Program_Files/Raspberry_Pi/Pico_SDK_v1.5.1/pico-sdk/lib/tinyusb/src/portable/raspberrypi/rp2040/dcd_rp2040.c.obj
                0x10004a04                dcd_set_address
 .text.dcd_connect
                0x10004a30       0x10 CMakeFiles/myblink_w.dir/C_/Program_Files/Raspberry_Pi/Pico_SDK_v1.5.1/pico-sdk/lib/tinyusb/src/portable/raspberrypi/rp2040/dcd_rp2040.c.obj
                0x10004a30                dcd_connect
 .text.dcd_init
                0x10004a40       0x80 CMakeFiles/myblink_w.dir/C_/Program_Files/Raspberry_Pi/Pico_SDK_v1.5.1/pico-sdk/lib/tinyusb/src/portable/raspberrypi/rp2040/dcd_rp2040.c.obj
                0x10004a40                dcd_init
 .text.dcd_edpt0_status_complete
                0x10004ac0       0x1c CMakeFiles/myblink_w.dir/C_/Program_Files/Raspberry_Pi/Pico_SDK_v1.5.1/pico-sdk/lib/tinyusb/src/portable/raspberrypi/rp2040/dcd_rp2040.c.obj
                0x10004ac0                dcd_edpt0_status_complete
 .text.dcd_edpt_open
                0x10004adc       0x40 CMakeFiles/myblink_w.dir/C_/Program_Files/Raspberry_Pi/Pico_SDK_v1.5.1/pico-sdk/lib/tinyusb/src/portable/raspberrypi/rp2040/dcd_rp2040.c.obj
                0x10004adc                dcd_edpt_open
 .text.dcd_edpt_close_all
                0x10004b1c        0x8 CMakeFiles/myblink_w.dir/C_/Program_Files/Raspberry_Pi/Pico_SDK_v1.5.1/pico-sdk/lib/tinyusb/src/portable/raspberrypi/rp2040/dcd_rp2040.c.obj
                0x10004b1c                dcd_edpt_close_all
 .text.dcd_edpt_xfer
                0x10004b24       0x34 CMakeFiles/myblink_w.dir/C_/Program_Files/Raspberry_Pi/Pico_SDK_v1.5.1/pico-sdk/lib/tinyusb/src/portable/raspberrypi/rp2040/dcd_rp2040.c.obj
                0x10004b24                dcd_edpt_xfer
 .text.dcd_edpt_stall
                0x10004b58       0x2c CMakeFiles/myblink_w.dir/C_/Program_Files/Raspberry_Pi/Pico_SDK_v1.5.1/pico-sdk/lib/tinyusb/src/portable/raspberrypi/rp2040/dcd_rp2040.c.obj
                0x10004b58                dcd_edpt_stall
 .text.dcd_edpt_clear_stall
                0x10004b84       0x20 CMakeFiles/myblink_w.dir/C_/Program_Files/Raspberry_Pi/Pico_SDK_v1.5.1/pico-sdk/lib/tinyusb/src/portable/raspberrypi/rp2040/dcd_rp2040.c.obj
                0x10004b84                dcd_edpt_clear_stall
 .text.rp2040_usb_init
                0x10004ba4       0x4c CMakeFiles/myblink_w.dir/C_/Program_Files/Raspberry_Pi/Pico_SDK_v1.5.1/pico-sdk/lib/tinyusb/src/portable/raspberrypi/rp2040/rp2040_usb.c.obj
                0x10004ba4                rp2040_usb_init
 .text.hw_endpoint_xfer_start
                0x10004bf0       0x50 CMakeFiles/myblink_w.dir/C_/Program_Files/Raspberry_Pi/Pico_SDK_v1.5.1/pico-sdk/lib/tinyusb/src/portable/raspberrypi/rp2040/rp2040_usb.c.obj
                0x10004bf0                hw_endpoint_xfer_start
 .text.configuration_reset
                0x10004c40       0x84 CMakeFiles/myblink_w.dir/C_/Program_Files/Raspberry_Pi/Pico_SDK_v1.5.1/pico-sdk/lib/tinyusb/src/device/usbd.c.obj
 .text.usbd_reset
                0x10004cc4        0xc CMakeFiles/myblink_w.dir/C_/Program_Files/Raspberry_Pi/Pico_SDK_v1.5.1/pico-sdk/lib/tinyusb/src/device/usbd.c.obj
 .text.invoke_class_control
                0x10004cd0       0x1a CMakeFiles/myblink_w.dir/C_/Program_Files/Raspberry_Pi/Pico_SDK_v1.5.1/pico-sdk/lib/tinyusb/src/device/usbd.c.obj
 *fill*         0x10004cea        0x2 
 .text.process_set_config
                0x10004cec      0x178 CMakeFiles/myblink_w.dir/C_/Program_Files/Raspberry_Pi/Pico_SDK_v1.5.1/pico-sdk/lib/tinyusb/src/device/usbd.c.obj
 .text.process_get_descriptor
                0x10004e64       0xdc CMakeFiles/myblink_w.dir/C_/Program_Files/Raspberry_Pi/Pico_SDK_v1.5.1/pico-sdk/lib/tinyusb/src/device/usbd.c.obj
 .text.tud_mounted
                0x10004f40       0x10 CMakeFiles/myblink_w.dir/C_/Program_Files/Raspberry_Pi/Pico_SDK_v1.5.1/pico-sdk/lib/tinyusb/src/device/usbd.c.obj
                0x10004f40                tud_mounted
 .text.tud_suspended
                0x10004f50       0x10 CMakeFiles/myblink_w.dir/C_/Program_Files/Raspberry_Pi/Pico_SDK_v1.5.1/pico-sdk/lib/tinyusb/src/device/usbd.c.obj
                0x10004f50                tud_suspended
 .text.tud_inited
                0x10004f60       0x14 CMakeFiles/myblink_w.dir/C_/Program_Files/Raspberry_Pi/Pico_SDK_v1.5.1/pico-sdk/lib/tinyusb/src/device/usbd.c.obj
                0x10004f60                tud_inited
 .text.tud_init
                0x10004f74       0xcc CMakeFiles/myblink_w.dir/C_/Program_Files/Raspberry_Pi/Pico_SDK_v1.5.1/pico-sdk/lib/tinyusb/src/device/usbd.c.obj
                0x10004f74                tud_init
 .text.usbd_defer_func
                0x10005040       0x2a CMakeFiles/myblink_w.dir/C_/Program_Files/Raspberry_Pi/Pico_SDK_v1.5.1/pico-sdk/lib/tinyusb/src/device/usbd.c.obj
                0x10005040                usbd_defer_func
 *fill*         0x1000506a        0x2 
 .text.usbd_edpt_open
                0x1000506c       0x34 CMakeFiles/myblink_w.dir/C_/Program_Files/Raspberry_Pi/Pico_SDK_v1.5.1/pico-sdk/lib/tinyusb/src/device/usbd.c.obj
                0x1000506c                usbd_edpt_open
 .text.usbd_open_edpt_pair
                0x100050a0       0x62 CMakeFiles/myblink_w.dir/C_/Program_Files/Raspberry_Pi/Pico_SDK_v1.5.1/pico-sdk/lib/tinyusb/src/device/usbd.c.obj
                0x100050a0                usbd_open_edpt_pair
 *fill*         0x10005102        0x2 
 .text.usbd_edpt_claim
                0x10005104       0x28 CMakeFiles/myblink_w.dir/C_/Program_Files/Raspberry_Pi/Pico_SDK_v1.5.1/pico-sdk/lib/tinyusb/src/device/usbd.c.obj
                0x10005104                usbd_edpt_claim
 .text.usbd_edpt_release
                0x1000512c       0x28 CMakeFiles/myblink_w.dir/C_/Program_Files/Raspberry_Pi/Pico_SDK_v1.5.1/pico-sdk/lib/tinyusb/src/device/usbd.c.obj
                0x1000512c                usbd_edpt_release
 .text.usbd_edpt_xfer
                0x10005154       0x78 CMakeFiles/myblink_w.dir/C_/Program_Files/Raspberry_Pi/Pico_SDK_v1.5.1/pico-sdk/lib/tinyusb/src/device/usbd.c.obj
                0x10005154                usbd_edpt_xfer
 .text.usbd_edpt_stall
                0x100051cc       0x48 CMakeFiles/myblink_w.dir/C_/Program_Files/Raspberry_Pi/Pico_SDK_v1.5.1/pico-sdk/lib/tinyusb/src/device/usbd.c.obj
                0x100051cc                usbd_edpt_stall
 .text.usbd_edpt_clear_stall
                0x10005214       0x48 CMakeFiles/myblink_w.dir/C_/Program_Files/Raspberry_Pi/Pico_SDK_v1.5.1/pico-sdk/lib/tinyusb/src/device/usbd.c.obj
                0x10005214                usbd_edpt_clear_stall
 .text.usbd_edpt_stalled
                0x1000525c       0x1c CMakeFiles/myblink_w.dir/C_/Program_Files/Raspberry_Pi/Pico_SDK_v1.5.1/pico-sdk/lib/tinyusb/src/device/usbd.c.obj
                0x1000525c                usbd_edpt_stalled
 .text.process_control_request
                0x10005278      0x37c CMakeFiles/myblink_w.dir/C_/Program_Files/Raspberry_Pi/Pico_SDK_v1.5.1/pico-sdk/lib/tinyusb/src/device/usbd.c.obj
 .text.tud_task_ext
                0x100055f4      0x1b8 CMakeFiles/myblink_w.dir/C_/Program_Files/Raspberry_Pi/Pico_SDK_v1.5.1/pico-sdk/lib/tinyusb/src/device/usbd.c.obj
                0x100055f4                tud_task_ext
 .text._data_stage_xact
                0x100057ac       0x58 CMakeFiles/myblink_w.dir/C_/Program_Files/Raspberry_Pi/Pico_SDK_v1.5.1/pico-sdk/lib/tinyusb/src/device/usbd_control.c.obj
 .text.tud_control_status
                0x10005804       0x38 CMakeFiles/myblink_w.dir/C_/Program_Files/Raspberry_Pi/Pico_SDK_v1.5.1/pico-sdk/lib/tinyusb/src/device/usbd_control.c.obj
                0x10005804                tud_control_status
 .text.tud_control_xfer
                0x1000583c       0x74 CMakeFiles/myblink_w.dir/C_/Program_Files/Raspberry_Pi/Pico_SDK_v1.5.1/pico-sdk/lib/tinyusb/src/device/usbd_control.c.obj
                0x1000583c                tud_control_xfer
 .text.usbd_control_reset
                0x100058b0       0x14 CMakeFiles/myblink_w.dir/C_/Program_Files/Raspberry_Pi/Pico_SDK_v1.5.1/pico-sdk/lib/tinyusb/src/device/usbd_control.c.obj
                0x100058b0                usbd_control_reset
 .text.usbd_control_set_complete_callback
                0x100058c4        0xc CMakeFiles/myblink_w.dir/C_/Program_Files/Raspberry_Pi/Pico_SDK_v1.5.1/pico-sdk/lib/tinyusb/src/device/usbd_control.c.obj
                0x100058c4                usbd_control_set_complete_callback
 .text.usbd_control_set_request
                0x100058d0       0x1c CMakeFiles/myblink_w.dir/C_/Program_Files/Raspberry_Pi/Pico_SDK_v1.5.1/pico-sdk/lib/tinyusb/src/device/usbd_control.c.obj
                0x100058d0                usbd_control_set_request
 .text.usbd_control_xfer_cb
                0x100058ec       0xcc CMakeFiles/myblink_w.dir/C_/Program_Files/Raspberry_Pi/Pico_SDK_v1.5.1/pico-sdk/lib/tinyusb/src/device/usbd_control.c.obj
                0x100058ec                usbd_control_xfer_cb
 .text._prep_out_transaction
                0x100059b8       0x4a CMakeFiles/myblink_w.dir/C_/Program_Files/Raspberry_Pi/Pico_SDK_v1.5.1/pico-sdk/lib/tinyusb/src/class/cdc/cdc_device.c.obj
 *fill*         0x10005a02        0x2 
 .text.tud_cdc_n_connected
                0x10005a04       0x44 CMakeFiles/myblink_w.dir/C_/Program_Files/Raspberry_Pi/Pico_SDK_v1.5.1/pico-sdk/lib/tinyusb/src/class/cdc/cdc_device.c.obj
                0x10005a04                tud_cdc_n_connected
 .text.tud_cdc_n_available
                0x10005a48       0x18 CMakeFiles/myblink_w.dir/C_/Program_Files/Raspberry_Pi/Pico_SDK_v1.5.1/pico-sdk/lib/tinyusb/src/class/cdc/cdc_device.c.obj
                0x10005a48                tud_cdc_n_available
 .text.tud_cdc_n_read
                0x10005a60       0x28 CMakeFiles/myblink_w.dir/C_/Program_Files/Raspberry_Pi/Pico_SDK_v1.5.1/pico-sdk/lib/tinyusb/src/class/cdc/cdc_device.c.obj
                0x10005a60                tud_cdc_n_read
 .text.tud_cdc_n_write_flush
                0x10005a88       0xb8 CMakeFiles/myblink_w.dir/C_/Program_Files/Raspberry_Pi/Pico_SDK_v1.5.1/pico-sdk/lib/tinyusb/src/class/cdc/cdc_device.c.obj
                0x10005a88                tud_cdc_n_write_flush
 .text.tud_cdc_n_write
                0x10005b40       0x38 CMakeFiles/myblink_w.dir/C_/Program_Files/Raspberry_Pi/Pico_SDK_v1.5.1/pico-sdk/lib/tinyusb/src/class/cdc/cdc_device.c.obj
                0x10005b40                tud_cdc_n_write
 .text.tud_cdc_n_write_available
                0x10005b78       0x1c CMakeFiles/myblink_w.dir/C_/Program_Files/Raspberry_Pi/Pico_SDK_v1.5.1/pico-sdk/lib/tinyusb/src/class/cdc/cdc_device.c.obj
                0x10005b78                tud_cdc_n_write_available
 .text.cdcd_init
                0x10005b94       0xbc CMakeFiles/myblink_w.dir/C_/Program_Files/Raspberry_Pi/Pico_SDK_v1.5.1/pico-sdk/lib/tinyusb/src/class/cdc/cdc_device.c.obj
                0x10005b94                cdcd_init
 .text.cdcd_reset
                0x10005c50       0x44 CMakeFiles/myblink_w.dir/C_/Program_Files/Raspberry_Pi/Pico_SDK_v1.5.1/pico-sdk/lib/tinyusb/src/class/cdc/cdc_device.c.obj
                0x10005c50                cdcd_reset
 .text.cdcd_open
                0x10005c94       0xcc CMakeFiles/myblink_w.dir/C_/Program_Files/Raspberry_Pi/Pico_SDK_v1.5.1/pico-sdk/lib/tinyusb/src/class/cdc/cdc_device.c.obj
                0x10005c94                cdcd_open
 .text.cdcd_control_xfer_cb
                0x10005d60      0x134 CMakeFiles/myblink_w.dir/C_/Program_Files/Raspberry_Pi/Pico_SDK_v1.5.1/pico-sdk/lib/tinyusb/src/class/cdc/cdc_device.c.obj
                0x10005d60                cdcd_control_xfer_cb
 .text.cdcd_xfer_cb
                0x10005e94      0x130 CMakeFiles/myblink_w.dir/C_/Program_Files/Raspberry_Pi/Pico_SDK_v1.5.1/pico-sdk/lib/tinyusb/src/class/cdc/cdc_device.c.obj
                0x10005e94                cdcd_xfer_cb
 .text.tusb_init
                0x10005fc4        0xa CMakeFiles/myblink_w.dir/C_/Program_Files/Raspberry_Pi/Pico_SDK_v1.5.1/pico-sdk/lib/tinyusb/src/tusb.c.obj
                0x10005fc4                tusb_init
 .text.tusb_inited
                0x10005fce        0xe CMakeFiles/myblink_w.dir/C_/Program_Files/Raspberry_Pi/Pico_SDK_v1.5.1/pico-sdk/lib/tinyusb/src/tusb.c.obj
                0x10005fce                tusb_inited
 .text.tu_edpt_claim
                0x10005fdc       0x50 CMakeFiles/myblink_w.dir/C_/Program_Files/Raspberry_Pi/Pico_SDK_v1.5.1/pico-sdk/lib/tinyusb/src/tusb.c.obj
                0x10005fdc                tu_edpt_claim
 .text.tu_edpt_release
                0x1000602c       0x3c CMakeFiles/myblink_w.dir/C_/Program_Files/Raspberry_Pi/Pico_SDK_v1.5.1/pico-sdk/lib/tinyusb/src/tusb.c.obj
                0x1000602c                tu_edpt_release
 .text.tu_edpt_validate
                0x10006068       0x78 CMakeFiles/myblink_w.dir/C_/Program_Files/Raspberry_Pi/Pico_SDK_v1.5.1/pico-sdk/lib/tinyusb/src/tusb.c.obj
                0x10006068                tu_edpt_validate
 .text.tu_edpt_bind_driver
                0x100060e0       0x26 CMakeFiles/myblink_w.dir/C_/Program_Files/Raspberry_Pi/Pico_SDK_v1.5.1/pico-sdk/lib/tinyusb/src/tusb.c.obj
                0x100060e0                tu_edpt_bind_driver
 .text.advance_index
                0x10006106       0x1a CMakeFiles/myblink_w.dir/C_/Program_Files/Raspberry_Pi/Pico_SDK_v1.5.1/pico-sdk/lib/tinyusb/src/common/tusb_fifo.c.obj
 .text._tu_fifo_peek
                0x10006120       0x56 CMakeFiles/myblink_w.dir/C_/Program_Files/Raspberry_Pi/Pico_SDK_v1.5.1/pico-sdk/lib/tinyusb/src/common/tusb_fifo.c.obj
 .text._ff_pull_const_addr
                0x10006176       0x4c CMakeFiles/myblink_w.dir/C_/Program_Files/Raspberry_Pi/Pico_SDK_v1.5.1/pico-sdk/lib/tinyusb/src/common/tusb_fifo.c.obj
 .text._ff_pull_n
                0x100061c2      0x110 CMakeFiles/myblink_w.dir/C_/Program_Files/Raspberry_Pi/Pico_SDK_v1.5.1/pico-sdk/lib/tinyusb/src/common/tusb_fifo.c.obj
 .text._tu_fifo_peek_n
                0x100062d2       0x6a CMakeFiles/myblink_w.dir/C_/Program_Files/Raspberry_Pi/Pico_SDK_v1.5.1/pico-sdk/lib/tinyusb/src/common/tusb_fifo.c.obj
 .text._tu_fifo_read_n
                0x1000633c       0x4e CMakeFiles/myblink_w.dir/C_/Program_Files/Raspberry_Pi/Pico_SDK_v1.5.1/pico-sdk/lib/tinyusb/src/common/tusb_fifo.c.obj
 .text._ff_push_const_addr
                0x1000638a       0x40 CMakeFiles/myblink_w.dir/C_/Program_Files/Raspberry_Pi/Pico_SDK_v1.5.1/pico-sdk/lib/tinyusb/src/common/tusb_fifo.c.obj
 .text._ff_push_n
                0x100063ca      0x10c CMakeFiles/myblink_w.dir/C_/Program_Files/Raspberry_Pi/Pico_SDK_v1.5.1/pico-sdk/lib/tinyusb/src/common/tusb_fifo.c.obj
 .text._tu_fifo_write_n
                0x100064d6       0xf0 CMakeFiles/myblink_w.dir/C_/Program_Files/Raspberry_Pi/Pico_SDK_v1.5.1/pico-sdk/lib/tinyusb/src/common/tusb_fifo.c.obj
 .text.tu_fifo_config
                0x100065c6       0x7c CMakeFiles/myblink_w.dir/C_/Program_Files/Raspberry_Pi/Pico_SDK_v1.5.1/pico-sdk/lib/tinyusb/src/common/tusb_fifo.c.obj
                0x100065c6                tu_fifo_config
 .text.tu_fifo_count
                0x10006642       0x2a CMakeFiles/myblink_w.dir/C_/Program_Files/Raspberry_Pi/Pico_SDK_v1.5.1/pico-sdk/lib/tinyusb/src/common/tusb_fifo.c.obj
                0x10006642                tu_fifo_count
 .text.tu_fifo_empty
                0x1000666c       0x10 CMakeFiles/myblink_w.dir/C_/Program_Files/Raspberry_Pi/Pico_SDK_v1.5.1/pico-sdk/lib/tinyusb/src/common/tusb_fifo.c.obj
                0x1000666c                tu_fifo_empty
 .text.tu_fifo_full
                0x1000667c       0x28 CMakeFiles/myblink_w.dir/C_/Program_Files/Raspberry_Pi/Pico_SDK_v1.5.1/pico-sdk/lib/tinyusb/src/common/tusb_fifo.c.obj
                0x1000667c                tu_fifo_full
 .text.tu_fifo_remaining
                0x100066a4       0x2c CMakeFiles/myblink_w.dir/C_/Program_Files/Raspberry_Pi/Pico_SDK_v1.5.1/pico-sdk/lib/tinyusb/src/common/tusb_fifo.c.obj
                0x100066a4                tu_fifo_remaining
 .text.tu_fifo_read
                0x100066d0       0x42 CMakeFiles/myblink_w.dir/C_/Program_Files/Raspberry_Pi/Pico_SDK_v1.5.1/pico-sdk/lib/tinyusb/src/common/tusb_fifo.c.obj
                0x100066d0                tu_fifo_read
 .text.tu_fifo_read_n
                0x10006712        0xa CMakeFiles/myblink_w.dir/C_/Program_Files/Raspberry_Pi/Pico_SDK_v1.5.1/pico-sdk/lib/tinyusb/src/common/tusb_fifo.c.obj
                0x10006712                tu_fifo_read_n
 .text.tu_fifo_write
                0x1000671c       0x64 CMakeFiles/myblink_w.dir/C_/Program_Files/Raspberry_Pi/Pico_SDK_v1.5.1/pico-sdk/lib/tinyusb/src/common/tusb_fifo.c.obj
                0x1000671c                tu_fifo_write
 .text.tu_fifo_write_n
                0x10006780        0xa CMakeFiles/myblink_w.dir/C_/Program_Files/Raspberry_Pi/Pico_SDK_v1.5.1/pico-sdk/lib/tinyusb/src/common/tusb_fifo.c.obj
                0x10006780                tu_fifo_write_n
 .text.tu_fifo_clear
                0x1000678a       0x3e CMakeFiles/myblink_w.dir/C_/Program_Files/Raspberry_Pi/Pico_SDK_v1.5.1/pico-sdk/lib/tinyusb/src/common/tusb_fifo.c.obj
                0x1000678a                tu_fifo_clear
 .text.tu_fifo_set_overwritable
                0x100067c8       0x46 CMakeFiles/myblink_w.dir/C_/Program_Files/Raspberry_Pi/Pico_SDK_v1.5.1/pico-sdk/lib/tinyusb/src/common/tusb_fifo.c.obj
                0x100067c8                tu_fifo_set_overwritable
 *fill*         0x1000680e        0x2 
 .text.strlen   0x10006810       0x5c c:/progra~1/raspbe~1/picosd~1.1/gcc-ar~1/bin/../lib/gcc/arm-none-eabi/10.3.1/../../../../arm-none-eabi/lib/thumb/v6-m/nofp\libg.a(lib_a-strlen-stub.o)
                0x10006810                strlen
 .text.time     0x1000686c       0x34 c:/progra~1/raspbe~1/picosd~1.1/gcc-ar~1/bin/../lib/gcc/arm-none-eabi/10.3.1/../../../../arm-none-eabi/lib/thumb/v6-m/nofp\libg.a(lib_a-time.o)
                0x1000686c                time
 .text._gettimeofday_r
                0x100068a0       0x28 c:/progra~1/raspbe~1/picosd~1.1/gcc-ar~1/bin/../lib/gcc/arm-none-eabi/10.3.1/../../../../arm-none-eabi/lib/thumb/v6-m/nofp\libg.a(lib_a-gettimeofdayr.o)
                0x100068a0                _gettimeofday_r
 *(.fini)
 .fini          0x100068c8        0x4 c:/progra~1/raspbe~1/picosd~1.1/gcc-ar~1/bin/../lib/gcc/arm-none-eabi/10.3.1/thumb/v6-m/nofp/crti.o
                0x100068c8                _fini
 *fill*         0x100068cc        0x4 
 .fini.__stub   0x100068d0       0xe0 linker stubs
 *crtbegin.o(.ctors)
 *crtbegin?.o(.ctors)
 *(EXCLUDE_FILE(*crtend.o *crtend?.o) .ctors)
 *(SORT_BY_NAME(.ctors.*))
 *(.ctors)
 *crtbegin.o(.dtors)
 *crtbegin?.o(.dtors)
 *(EXCLUDE_FILE(*crtend.o *crtend?.o) .dtors)
 *(SORT_BY_NAME(.dtors.*))
 *(.dtors)
 *(.eh_frame*)
 .eh_frame      0x100069b0        0x0 c:/progra~1/raspbe~1/picosd~1.1/gcc-ar~1/bin/../lib/gcc/arm-none-eabi/10.3.1/thumb/v6-m/nofp/crtbegin.o
                0x100069b0                . = ALIGN (0x4)

.glue_7         0x100069b0        0x0
 .glue_7        0x100069b0        0x0 linker stubs

.glue_7t        0x100069b0        0x0
 .glue_7t       0x100069b0        0x0 linker stubs

.vfp11_veneer   0x100069b0        0x0
 .vfp11_veneer  0x100069b0        0x0 linker stubs

.v4_bx          0x100069b0        0x0
 .v4_bx         0x100069b0        0x0 linker stubs

.iplt           0x100069b0        0x0
 .iplt          0x100069b0        0x0 c:/progra~1/raspbe~1/picosd~1.1/gcc-ar~1/bin/../lib/gcc/arm-none-eabi/10.3.1/thumb/v6-m/nofp/crtbegin.o

.rodata         0x100069b0     0x1758
 *(EXCLUDE_FILE(*libm.a: *libc.a:*lib_a-mem*.o *libgcc.a:) .rodata*)
 .rodata.GenSenal.str1.4
                0x100069b0        0x9 CMakeFiles/myblink_w.dir/Senal_pwm.c.obj
 *fill*         0x100069b9        0x3 
 .rodata.keypad_rows
                0x100069bc       0x20 CMakeFiles/myblink_w.dir/Senal_pwm.c.obj
                0x100069bc                keypad_rows
 .rodata.spin_lock_claim_unused.str1.4
                0x100069dc       0x1b CMakeFiles/myblink_w.dir/C_/Program_Files/Raspberry_Pi/Pico_SDK_v1.5.1/pico-sdk/src/rp2_common/hardware_sync/sync.c.obj
 *fill*         0x100069f7        0x1 
 .rodata.make_branch.str1.4
                0x100069f8       0x89 CMakeFiles/myblink_w.dir/C_/Program_Files/Raspberry_Pi/Pico_SDK_v1.5.1/pico-sdk/src/rp2_common/hardware_irq/irq.c.obj
 *fill*         0x10006a81        0x3 
 .rodata.insert_branch_and_link.str1.4
                0x10006a84       0x10 CMakeFiles/myblink_w.dir/C_/Program_Files/Raspberry_Pi/Pico_SDK_v1.5.1/pico-sdk/src/rp2_common/hardware_irq/irq.c.obj
 .rodata.irq_set_exclusive_handler.str1.4
                0x10006a94       0x36 CMakeFiles/myblink_w.dir/C_/Program_Files/Raspberry_Pi/Pico_SDK_v1.5.1/pico-sdk/src/rp2_common/hardware_irq/irq.c.obj
 *fill*         0x10006aca        0x2 
 .rodata.irq_add_shared_handler.str1.4
                0x10006acc       0xd9 CMakeFiles/myblink_w.dir/C_/Program_Files/Raspberry_Pi/Pico_SDK_v1.5.1/pico-sdk/src/rp2_common/hardware_irq/irq.c.obj
 *fill*         0x10006ba5        0x3 
 .rodata.irq_remove_handler.str1.4
                0x10006ba8       0x3a CMakeFiles/myblink_w.dir/C_/Program_Files/Raspberry_Pi/Pico_SDK_v1.5.1/pico-sdk/src/rp2_common/hardware_irq/irq.c.obj
 *fill*         0x10006be2        0x2 
 .rodata.irq_add_tail_to_free_list.str1.4
                0x10006be4       0x3a CMakeFiles/myblink_w.dir/C_/Program_Files/Raspberry_Pi/Pico_SDK_v1.5.1/pico-sdk/src/rp2_common/hardware_irq/irq.c.obj
 *fill*         0x10006c1e        0x2 
 .rodata.user_irq_claim_unused.str1.4
                0x10006c20       0x1b CMakeFiles/myblink_w.dir/C_/Program_Files/Raspberry_Pi/Pico_SDK_v1.5.1/pico-sdk/src/rp2_common/hardware_irq/irq.c.obj
 *fill*         0x10006c3b        0x1 
 .rodata.__func__.0
                0x10006c3c       0x1a CMakeFiles/myblink_w.dir/C_/Program_Files/Raspberry_Pi/Pico_SDK_v1.5.1/pico-sdk/src/rp2_common/hardware_irq/irq.c.obj
 *fill*         0x10006c56        0x2 
 .rodata.__func__.1
                0x10006c58       0x17 CMakeFiles/myblink_w.dir/C_/Program_Files/Raspberry_Pi/Pico_SDK_v1.5.1/pico-sdk/src/rp2_common/hardware_irq/irq.c.obj
 *fill*         0x10006c6f        0x1 
 .rodata.__func__.2
                0x10006c70       0x13 CMakeFiles/myblink_w.dir/C_/Program_Files/Raspberry_Pi/Pico_SDK_v1.5.1/pico-sdk/src/rp2_common/hardware_irq/irq.c.obj
 *fill*         0x10006c83        0x1 
 .rodata.__func__.3
                0x10006c84        0xc CMakeFiles/myblink_w.dir/C_/Program_Files/Raspberry_Pi/Pico_SDK_v1.5.1/pico-sdk/src/rp2_common/hardware_irq/irq.c.obj
 .rodata.__func__.4
                0x10006c90        0xf CMakeFiles/myblink_w.dir/C_/Program_Files/Raspberry_Pi/Pico_SDK_v1.5.1/pico-sdk/src/rp2_common/hardware_irq/irq.c.obj
 *fill*         0x10006c9f        0x1 
 .rodata.__func__.5
                0x10006ca0       0x17 CMakeFiles/myblink_w.dir/C_/Program_Files/Raspberry_Pi/Pico_SDK_v1.5.1/pico-sdk/src/rp2_common/hardware_irq/irq.c.obj
 *fill*         0x10006cb7        0x1 
 .rodata.__func__.6
                0x10006cb8       0x1a CMakeFiles/myblink_w.dir/C_/Program_Files/Raspberry_Pi/Pico_SDK_v1.5.1/pico-sdk/src/rp2_common/hardware_irq/irq.c.obj
 *fill*         0x10006cd2        0x2 
 .rodata.str1.4
                0x10006cd4      0x125 CMakeFiles/myblink_w.dir/C_/Program_Files/Raspberry_Pi/Pico_SDK_v1.5.1/pico-sdk/src/common/pico_sync/mutex.c.obj
 *fill*         0x10006df9        0x3 
 .rodata.__func__.1
                0x10006dfc        0xb CMakeFiles/myblink_w.dir/C_/Program_Files/Raspberry_Pi/Pico_SDK_v1.5.1/pico-sdk/src/common/pico_sync/mutex.c.obj
 *fill*         0x10006e07        0x1 
 .rodata.__func__.3
                0x10006e08       0x18 CMakeFiles/myblink_w.dir/C_/Program_Files/Raspberry_Pi/Pico_SDK_v1.5.1/pico-sdk/src/common/pico_sync/mutex.c.obj
 .rodata.__func__.4
                0x10006e20       0x15 CMakeFiles/myblink_w.dir/C_/Program_Files/Raspberry_Pi/Pico_SDK_v1.5.1/pico-sdk/src/common/pico_sync/mutex.c.obj
 *fill*         0x10006e35        0x3 
 .rodata.repeating_timer_callback.str1.4
                0x10006e38       0x67 CMakeFiles/myblink_w.dir/C_/Program_Files/Raspberry_Pi/Pico_SDK_v1.5.1/pico-sdk/src/common/pico_time/time.c.obj
 *fill*         0x10006e9f        0x1 
 .rodata.timer_pool_entry_comparator.str1.4
                0x10006ea0       0x22 CMakeFiles/myblink_w.dir/C_/Program_Files/Raspberry_Pi/Pico_SDK_v1.5.1/pico-sdk/src/common/pico_time/time.c.obj
 *fill*         0x10006ec2        0x2 
 .rodata.ph_add_child_node.str1.4
                0x10006ec4       0xb2 CMakeFiles/myblink_w.dir/C_/Program_Files/Raspberry_Pi/Pico_SDK_v1.5.1/pico-sdk/src/common/pico_time/time.c.obj
 *fill*         0x10006f76        0x2 
 .rodata.add_alarm_under_lock.str1.4
                0x10006f78       0x28 CMakeFiles/myblink_w.dir/C_/Program_Files/Raspberry_Pi/Pico_SDK_v1.5.1/pico-sdk/src/common/pico_time/time.c.obj
                                 0x2b (size before relaxing)
 .rodata.alarm_pool_alarm_callback.str1.4
                0x10006fa0       0x98 CMakeFiles/myblink_w.dir/C_/Program_Files/Raspberry_Pi/Pico_SDK_v1.5.1/pico-sdk/src/common/pico_time/time.c.obj
                                0x118 (size before relaxing)
 .rodata.alarm_pool_get_default.str1.4
                0x10007038       0x21 CMakeFiles/myblink_w.dir/C_/Program_Files/Raspberry_Pi/Pico_SDK_v1.5.1/pico-sdk/src/common/pico_time/time.c.obj
 *fill*         0x10007059        0x3 
 .rodata.alarm_pool_cancel_alarm.str1.4
                0x1000705c       0x27 CMakeFiles/myblink_w.dir/C_/Program_Files/Raspberry_Pi/Pico_SDK_v1.5.1/pico-sdk/src/common/pico_time/time.c.obj
 *fill*         0x10007083        0x1 
 .rodata.__func__.0
                0x10007084       0x19 CMakeFiles/myblink_w.dir/C_/Program_Files/Raspberry_Pi/Pico_SDK_v1.5.1/pico-sdk/src/common/pico_time/time.c.obj
 *fill*         0x1000709d        0x3 
 .rodata.__func__.1
                0x100070a0       0x18 CMakeFiles/myblink_w.dir/C_/Program_Files/Raspberry_Pi/Pico_SDK_v1.5.1/pico-sdk/src/common/pico_time/time.c.obj
 .rodata.__func__.10
                0x100070b8       0x15 CMakeFiles/myblink_w.dir/C_/Program_Files/Raspberry_Pi/Pico_SDK_v1.5.1/pico-sdk/src/common/pico_time/time.c.obj
 *fill*         0x100070cd        0x3 
 .rodata.__func__.11
                0x100070d0       0x1a CMakeFiles/myblink_w.dir/C_/Program_Files/Raspberry_Pi/Pico_SDK_v1.5.1/pico-sdk/src/common/pico_time/time.c.obj
 *fill*         0x100070ea        0x2 
 .rodata.__func__.12
                0x100070ec        0xa CMakeFiles/myblink_w.dir/C_/Program_Files/Raspberry_Pi/Pico_SDK_v1.5.1/pico-sdk/src/common/pico_time/time.c.obj
 *fill*         0x100070f6        0x2 
 .rodata.__func__.3
                0x100070f8       0x17 CMakeFiles/myblink_w.dir/C_/Program_Files/Raspberry_Pi/Pico_SDK_v1.5.1/pico-sdk/src/common/pico_time/time.c.obj
 *fill*         0x1000710f        0x1 
 .rodata.__func__.4
                0x10007110       0x12 CMakeFiles/myblink_w.dir/C_/Program_Files/Raspberry_Pi/Pico_SDK_v1.5.1/pico-sdk/src/common/pico_time/time.c.obj
 *fill*         0x10007122        0x2 
 .rodata.__func__.5
                0x10007124        0xd CMakeFiles/myblink_w.dir/C_/Program_Files/Raspberry_Pi/Pico_SDK_v1.5.1/pico-sdk/src/common/pico_time/time.c.obj
 *fill*         0x10007131        0x3 
 .rodata.__func__.6
                0x10007134       0x12 CMakeFiles/myblink_w.dir/C_/Program_Files/Raspberry_Pi/Pico_SDK_v1.5.1/pico-sdk/src/common/pico_time/time.c.obj
 *fill*         0x10007146        0x2 
 .rodata.__func__.7
                0x10007148        0xf CMakeFiles/myblink_w.dir/C_/Program_Files/Raspberry_Pi/Pico_SDK_v1.5.1/pico-sdk/src/common/pico_time/time.c.obj
 *fill*         0x10007157        0x1 
 .rodata.__func__.8
                0x10007158        0xc CMakeFiles/myblink_w.dir/C_/Program_Files/Raspberry_Pi/Pico_SDK_v1.5.1/pico-sdk/src/common/pico_time/time.c.obj
 .rodata.__func__.9
                0x10007164       0x15 CMakeFiles/myblink_w.dir/C_/Program_Files/Raspberry_Pi/Pico_SDK_v1.5.1/pico-sdk/src/common/pico_time/time.c.obj
 *fill*         0x10007179        0x3 
 .rodata.hardware_alarm_claim.str1.4
                0x1000717c       0x22 CMakeFiles/myblink_w.dir/C_/Program_Files/Raspberry_Pi/Pico_SDK_v1.5.1/pico-sdk/src/rp2_common/hardware_timer/timer.c.obj
 *fill*         0x1000719e        0x2 
 .rodata.hardware_alarm_set_target.str1.4
                0x100071a0       0x81 CMakeFiles/myblink_w.dir/C_/Program_Files/Raspberry_Pi/Pico_SDK_v1.5.1/pico-sdk/src/rp2_common/hardware_timer/timer.c.obj
 *fill*         0x10007221        0x3 
 .rodata.__func__.0
                0x10007224       0x1a CMakeFiles/myblink_w.dir/C_/Program_Files/Raspberry_Pi/Pico_SDK_v1.5.1/pico-sdk/src/rp2_common/hardware_timer/timer.c.obj
 .rodata.ph_add_child_node.str1.4
                0x1000723e       0xb2 CMakeFiles/myblink_w.dir/C_/Program_Files/Raspberry_Pi/Pico_SDK_v1.5.1/pico-sdk/src/common/pico_util/pheap.c.obj
 *fill*         0x1000723e        0x2 
 .rodata.ph_remove_any_head.str1.4
                0x10007240       0xa8 CMakeFiles/myblink_w.dir/C_/Program_Files/Raspberry_Pi/Pico_SDK_v1.5.1/pico-sdk/src/common/pico_util/pheap.c.obj
                                 0xbc (size before relaxing)
 .rodata.ph_remove_and_free_node.str1.4
                0x100072e8       0x1e CMakeFiles/myblink_w.dir/C_/Program_Files/Raspberry_Pi/Pico_SDK_v1.5.1/pico-sdk/src/common/pico_util/pheap.c.obj
                                 0x26 (size before relaxing)
 *fill*         0x10007306        0x2 
 .rodata.__func__.0
                0x10007308       0x18 CMakeFiles/myblink_w.dir/C_/Program_Files/Raspberry_Pi/Pico_SDK_v1.5.1/pico-sdk/src/common/pico_util/pheap.c.obj
 .rodata.__func__.1
                0x10007320       0x13 CMakeFiles/myblink_w.dir/C_/Program_Files/Raspberry_Pi/Pico_SDK_v1.5.1/pico-sdk/src/common/pico_util/pheap.c.obj
 *fill*         0x10007333        0x1 
 .rodata.__func__.2
                0x10007334       0x12 CMakeFiles/myblink_w.dir/C_/Program_Files/Raspberry_Pi/Pico_SDK_v1.5.1/pico-sdk/src/common/pico_util/pheap.c.obj
 *fill*         0x10007346        0x2 
 .rodata.__func__.3
                0x10007348        0xc CMakeFiles/myblink_w.dir/C_/Program_Files/Raspberry_Pi/Pico_SDK_v1.5.1/pico-sdk/src/common/pico_util/pheap.c.obj
 .rodata.clock_configure.str1.4
                0x10007354       0x73 CMakeFiles/myblink_w.dir/C_/Program_Files/Raspberry_Pi/Pico_SDK_v1.5.1/pico-sdk/src/rp2_common/hardware_clocks/clocks.c.obj
 *fill*         0x100073c7        0x1 
 .rodata.__func__.1
                0x100073c8       0x10 CMakeFiles/myblink_w.dir/C_/Program_Files/Raspberry_Pi/Pico_SDK_v1.5.1/pico-sdk/src/rp2_common/hardware_clocks/clocks.c.obj
 .rodata.pll_init.str1.4
                0x100073d8      0x140 CMakeFiles/myblink_w.dir/C_/Program_Files/Raspberry_Pi/Pico_SDK_v1.5.1/pico-sdk/src/rp2_common/hardware_pll/pll.c.obj
 .rodata.__func__.0
                0x10007518        0x9 CMakeFiles/myblink_w.dir/C_/Program_Files/Raspberry_Pi/Pico_SDK_v1.5.1/pico-sdk/src/rp2_common/hardware_pll/pll.c.obj
 *fill*         0x10007521        0x3 
 .rodata.__assert_func.str1.4
                0x10007524       0x3f CMakeFiles/myblink_w.dir/C_/Program_Files/Raspberry_Pi/Pico_SDK_v1.5.1/pico-sdk/src/rp2_common/pico_runtime/runtime.c.obj
                                 0x43 (size before relaxing)
 *fill*         0x10007563        0x1 
 .rodata.runtime_init.str1.4
                0x10007564       0x7d CMakeFiles/myblink_w.dir/C_/Program_Files/Raspberry_Pi/Pico_SDK_v1.5.1/pico-sdk/src/rp2_common/pico_runtime/runtime.c.obj
 .rodata._gettimeofday.str1.4
                0x100075e1       0x7d CMakeFiles/myblink_w.dir/C_/Program_Files/Raspberry_Pi/Pico_SDK_v1.5.1/pico-sdk/src/rp2_common/pico_runtime/runtime.c.obj
 *fill*         0x100075e1        0x3 
 .rodata.panic.str1.4
                0x100075e4       0x12 CMakeFiles/myblink_w.dir/C_/Program_Files/Raspberry_Pi/Pico_SDK_v1.5.1/pico-sdk/src/rp2_common/pico_runtime/runtime.c.obj
 *fill*         0x100075f6        0x2 
 .rodata.__func__.0
                0x100075f8       0x15 CMakeFiles/myblink_w.dir/C_/Program_Files/Raspberry_Pi/Pico_SDK_v1.5.1/pico-sdk/src/rp2_common/pico_runtime/runtime.c.obj
 *fill*         0x1000760d        0x3 
 .rodata.__func__.2
                0x10007610        0xd CMakeFiles/myblink_w.dir/C_/Program_Files/Raspberry_Pi/Pico_SDK_v1.5.1/pico-sdk/src/rp2_common/pico_runtime/runtime.c.obj
 *fill*         0x1000761d        0x3 
 .rodata._ftoa.str1.4
                0x10007620       0x15 CMakeFiles/myblink_w.dir/C_/Program_Files/Raspberry_Pi/Pico_SDK_v1.5.1/pico-sdk/src/rp2_common/pico_printf/printf.c.obj
 *fill*         0x10007635        0x3 
 .rodata._vsnprintf
                0x10007638      0x1e0 CMakeFiles/myblink_w.dir/C_/Program_Files/Raspberry_Pi/Pico_SDK_v1.5.1/pico-sdk/src/rp2_common/pico_printf/printf.c.obj
 .rodata.pow10.0
                0x10007818       0x50 CMakeFiles/myblink_w.dir/C_/Program_Files/Raspberry_Pi/Pico_SDK_v1.5.1/pico-sdk/src/rp2_common/pico_printf/printf.c.obj
 .rodata.missing_double_func_shim.str1.4
                0x10007868       0x18 CMakeFiles/myblink_w.dir/C_/Program_Files/Raspberry_Pi/Pico_SDK_v1.5.1/pico-sdk/src/rp2_common/pico_double/double_init_rom.c.obj
 .rodata.__aeabi_double_init.str1.4
                0x10007880       0xb8 CMakeFiles/myblink_w.dir/C_/Program_Files/Raspberry_Pi/Pico_SDK_v1.5.1/pico-sdk/src/rp2_common/pico_double/double_init_rom.c.obj
 .rodata.__func__.0
                0x10007938       0x14 CMakeFiles/myblink_w.dir/C_/Program_Files/Raspberry_Pi/Pico_SDK_v1.5.1/pico-sdk/src/rp2_common/pico_double/double_init_rom.c.obj
 .rodata.missing_float_func_shim.str1.4
                0x1000794c        0x1 CMakeFiles/myblink_w.dir/C_/Program_Files/Raspberry_Pi/Pico_SDK_v1.5.1/pico-sdk/src/rp2_common/pico_float/float_init_rom.c.obj
 .rodata.__aeabi_float_init.str1.4
                0x1000794c       0x96 CMakeFiles/myblink_w.dir/C_/Program_Files/Raspberry_Pi/Pico_SDK_v1.5.1/pico-sdk/src/rp2_common/pico_float/float_init_rom.c.obj
 *fill*         0x100079e2        0x2 
 .rodata.__func__.0
                0x100079e4       0x13 CMakeFiles/myblink_w.dir/C_/Program_Files/Raspberry_Pi/Pico_SDK_v1.5.1/pico-sdk/src/rp2_common/pico_float/float_init_rom.c.obj
 *fill*         0x100079f7        0x1 
 .rodata.str1.4
                0x100079f8       0x40 CMakeFiles/myblink_w.dir/C_/Program_Files/Raspberry_Pi/Pico_SDK_v1.5.1/pico-sdk/src/rp2_common/pico_standard_link/binary_info.c.obj
 .rodata.__bi_44
                0x10007a38        0xc CMakeFiles/myblink_w.dir/C_/Program_Files/Raspberry_Pi/Pico_SDK_v1.5.1/pico-sdk/src/rp2_common/pico_standard_link/binary_info.c.obj
 .rodata.__bi_75
                0x10007a44        0xc CMakeFiles/myblink_w.dir/C_/Program_Files/Raspberry_Pi/Pico_SDK_v1.5.1/pico-sdk/src/rp2_common/pico_standard_link/binary_info.c.obj
 .rodata.__bi_81
                0x10007a50        0xc CMakeFiles/myblink_w.dir/C_/Program_Files/Raspberry_Pi/Pico_SDK_v1.5.1/pico-sdk/src/rp2_common/pico_standard_link/binary_info.c.obj
 .rodata.stdout_serialize_begin.str1.4
                0x10007a5c       0x7d CMakeFiles/myblink_w.dir/C_/Program_Files/Raspberry_Pi/Pico_SDK_v1.5.1/pico-sdk/src/rp2_common/pico_stdio/stdio.c.obj
 .rodata.__func__.3
                0x10007a5c       0x15 CMakeFiles/myblink_w.dir/C_/Program_Files/Raspberry_Pi/Pico_SDK_v1.5.1/pico-sdk/src/rp2_common/pico_stdio/stdio.c.obj
 *fill*         0x10007a71        0x3 
 .rodata.crlf_str.2
                0x10007a74        0x2 CMakeFiles/myblink_w.dir/C_/Program_Files/Raspberry_Pi/Pico_SDK_v1.5.1/pico-sdk/src/rp2_common/pico_stdio/stdio.c.obj
 *fill*         0x10007a76        0x2 
 .rodata._resetd_driver
                0x10007a78       0x18 CMakeFiles/myblink_w.dir/C_/Program_Files/Raspberry_Pi/Pico_SDK_v1.5.1/pico-sdk/src/rp2_common/pico_stdio_usb/reset_interface.c.obj
 .rodata.low_priority_worker_irq.str1.4
                0x10007a90       0x7d CMakeFiles/myblink_w.dir/C_/Program_Files/Raspberry_Pi/Pico_SDK_v1.5.1/pico-sdk/src/rp2_common/pico_stdio_usb/stdio_usb.c.obj
 .rodata.stdio_usb_init.str1.4
                0x10007a90       0x61 CMakeFiles/myblink_w.dir/C_/Program_Files/Raspberry_Pi/Pico_SDK_v1.5.1/pico-sdk/src/rp2_common/pico_stdio_usb/stdio_usb.c.obj
                                 0x69 (size before relaxing)
 *fill*         0x10007af1        0x3 
 .rodata.str1.4
                0x10007af4       0x13 CMakeFiles/myblink_w.dir/C_/Program_Files/Raspberry_Pi/Pico_SDK_v1.5.1/pico-sdk/src/rp2_common/pico_stdio_usb/stdio_usb.c.obj
 *fill*         0x10007b07        0x1 
 .rodata.__bi_182.0
                0x10007b08        0xc CMakeFiles/myblink_w.dir/C_/Program_Files/Raspberry_Pi/Pico_SDK_v1.5.1/pico-sdk/src/rp2_common/pico_stdio_usb/stdio_usb.c.obj
 .rodata.__func__.1
                0x10007b14        0xf CMakeFiles/myblink_w.dir/C_/Program_Files/Raspberry_Pi/Pico_SDK_v1.5.1/pico-sdk/src/rp2_common/pico_stdio_usb/stdio_usb.c.obj
 *fill*         0x10007b23        0x1 
 .rodata.__func__.3
                0x10007b24       0x15 CMakeFiles/myblink_w.dir/C_/Program_Files/Raspberry_Pi/Pico_SDK_v1.5.1/pico-sdk/src/rp2_common/pico_stdio_usb/stdio_usb.c.obj
 *fill*         0x10007b39        0x3 
 .rodata.str1.4
                0x10007b3c       0x2a CMakeFiles/myblink_w.dir/C_/Program_Files/Raspberry_Pi/Pico_SDK_v1.5.1/pico-sdk/src/rp2_common/pico_stdio_usb/stdio_usb_descriptors.c.obj
 *fill*         0x10007b66        0x2 
 .rodata.usbd_desc_cfg
                0x10007b68       0x54 CMakeFiles/myblink_w.dir/C_/Program_Files/Raspberry_Pi/Pico_SDK_v1.5.1/pico-sdk/src/rp2_common/pico_stdio_usb/stdio_usb_descriptors.c.obj
 .rodata.usbd_desc_device
                0x10007bbc       0x12 CMakeFiles/myblink_w.dir/C_/Program_Files/Raspberry_Pi/Pico_SDK_v1.5.1/pico-sdk/src/rp2_common/pico_stdio_usb/stdio_usb_descriptors.c.obj
 *fill*         0x10007bce        0x2 
 .rodata.usbd_desc_str
                0x10007bd0       0x18 CMakeFiles/myblink_w.dir/C_/Program_Files/Raspberry_Pi/Pico_SDK_v1.5.1/pico-sdk/src/rp2_common/pico_stdio_usb/stdio_usb_descriptors.c.obj
 .rodata.pico_get_unique_board_id_string.str1.4
                0x10007be8       0x69 CMakeFiles/myblink_w.dir/C_/Program_Files/Raspberry_Pi/Pico_SDK_v1.5.1/pico-sdk/src/rp2_common/pico_unique_id/unique_id.c.obj
 *fill*         0x10007c51        0x3 
 .rodata.__func__.0
                0x10007c54       0x20 CMakeFiles/myblink_w.dir/C_/Program_Files/Raspberry_Pi/Pico_SDK_v1.5.1/pico-sdk/src/rp2_common/pico_unique_id/unique_id.c.obj
 .rodata.str1.4
                0x10007c74      0x176 CMakeFiles/myblink_w.dir/C_/Program_Files/Raspberry_Pi/Pico_SDK_v1.5.1/pico-sdk/src/rp2_common/hardware_flash/flash.c.obj
 *fill*         0x10007dea        0x2 
 .rodata.__func__.0
                0x10007dec        0xd CMakeFiles/myblink_w.dir/C_/Program_Files/Raspberry_Pi/Pico_SDK_v1.5.1/pico-sdk/src/rp2_common/hardware_flash/flash.c.obj
 *fill*         0x10007df9        0x3 
 .rodata._hw_endpoint_alloc.str1.4
                0x10007dfc       0xd1 CMakeFiles/myblink_w.dir/C_/Program_Files/Raspberry_Pi/Pico_SDK_v1.5.1/pico-sdk/lib/tinyusb/src/portable/raspberrypi/rp2040/dcd_rp2040.c.obj
 *fill*         0x10007ecd        0x3 
 .rodata.str1.4
                0x10007ed0       0x14 CMakeFiles/myblink_w.dir/C_/Program_Files/Raspberry_Pi/Pico_SDK_v1.5.1/pico-sdk/lib/tinyusb/src/portable/raspberrypi/rp2040/dcd_rp2040.c.obj
 .rodata.dcd_int_enable.str1.4
                0x10007ee4        0xc CMakeFiles/myblink_w.dir/C_/Program_Files/Raspberry_Pi/Pico_SDK_v1.5.1/pico-sdk/lib/tinyusb/src/portable/raspberrypi/rp2040/dcd_rp2040.c.obj
 .rodata.__func__.0
                0x10007ef0        0xe CMakeFiles/myblink_w.dir/C_/Program_Files/Raspberry_Pi/Pico_SDK_v1.5.1/pico-sdk/lib/tinyusb/src/portable/raspberrypi/rp2040/dcd_rp2040.c.obj
 *fill*         0x10007efe        0x2 
 .rodata.__func__.1
                0x10007f00        0xe CMakeFiles/myblink_w.dir/C_/Program_Files/Raspberry_Pi/Pico_SDK_v1.5.1/pico-sdk/lib/tinyusb/src/portable/raspberrypi/rp2040/dcd_rp2040.c.obj
 *fill*         0x10007f0e        0x2 
 .rodata.__func__.3
                0x10007f10       0x10 CMakeFiles/myblink_w.dir/C_/Program_Files/Raspberry_Pi/Pico_SDK_v1.5.1/pico-sdk/lib/tinyusb/src/portable/raspberrypi/rp2040/dcd_rp2040.c.obj
 .rodata.__func__.5
                0x10007f20        0xf CMakeFiles/myblink_w.dir/C_/Program_Files/Raspberry_Pi/Pico_SDK_v1.5.1/pico-sdk/lib/tinyusb/src/portable/raspberrypi/rp2040/dcd_rp2040.c.obj
 *fill*         0x10007f2f        0x1 
 .rodata.__func__.6
                0x10007f30       0x13 CMakeFiles/myblink_w.dir/C_/Program_Files/Raspberry_Pi/Pico_SDK_v1.5.1/pico-sdk/lib/tinyusb/src/portable/raspberrypi/rp2040/dcd_rp2040.c.obj
 *fill*         0x10007f43        0x1 
 .rodata.__func__.7
                0x10007f44        0x9 CMakeFiles/myblink_w.dir/C_/Program_Files/Raspberry_Pi/Pico_SDK_v1.5.1/pico-sdk/lib/tinyusb/src/portable/raspberrypi/rp2040/dcd_rp2040.c.obj
 *fill*         0x10007f4d        0x3 
 .rodata.str1.4
                0x10007f50      0x103 CMakeFiles/myblink_w.dir/C_/Program_Files/Raspberry_Pi/Pico_SDK_v1.5.1/pico-sdk/lib/tinyusb/src/portable/raspberrypi/rp2040/rp2040_usb.c.obj
 *fill*         0x10008053        0x1 
 .rodata.__func__.0
                0x10008054        0xf CMakeFiles/myblink_w.dir/C_/Program_Files/Raspberry_Pi/Pico_SDK_v1.5.1/pico-sdk/lib/tinyusb/src/portable/raspberrypi/rp2040/rp2040_usb.c.obj
 *fill*         0x10008063        0x1 
 .rodata.process_get_descriptor
                0x10008064       0x40 CMakeFiles/myblink_w.dir/C_/Program_Files/Raspberry_Pi/Pico_SDK_v1.5.1/pico-sdk/lib/tinyusb/src/device/usbd.c.obj
 .rodata.process_control_request
                0x100080a4       0x28 CMakeFiles/myblink_w.dir/C_/Program_Files/Raspberry_Pi/Pico_SDK_v1.5.1/pico-sdk/lib/tinyusb/src/device/usbd.c.obj
 .rodata.tud_task_ext
                0x100080cc       0x24 CMakeFiles/myblink_w.dir/C_/Program_Files/Raspberry_Pi/Pico_SDK_v1.5.1/pico-sdk/lib/tinyusb/src/device/usbd.c.obj
 .rodata._usbd_driver
                0x100080f0       0x18 CMakeFiles/myblink_w.dir/C_/Program_Files/Raspberry_Pi/Pico_SDK_v1.5.1/pico-sdk/lib/tinyusb/src/device/usbd.c.obj
                0x10008108                . = ALIGN (0x4)
 *(SORT_BY_ALIGNMENT(SORT_BY_NAME(.flashdata*)))
                0x10008108                . = ALIGN (0x4)

.ARM.extab
 *(.ARM.extab* .gnu.linkonce.armextab.*)
                0x10008108                __exidx_start = .

.ARM.exidx
 *(.ARM.exidx* .gnu.linkonce.armexidx.*)
                0x10008108                __exidx_end = .
                0x10008108                . = ALIGN (0x4)
                0x10008108                __binary_info_start = .

.binary_info    0x10008108       0x20
 *(.binary_info.keep.*)
 .binary_info.keep.__bi_ptr22
                0x10008108        0x4 CMakeFiles/myblink_w.dir/C_/Program_Files/Raspberry_Pi/Pico_SDK_v1.5.1/pico-sdk/src/rp2_common/pico_standard_link/binary_info.c.obj
 .binary_info.keep.__bi_ptr30
                0x1000810c        0x4 CMakeFiles/myblink_w.dir/C_/Program_Files/Raspberry_Pi/Pico_SDK_v1.5.1/pico-sdk/src/rp2_common/pico_standard_link/binary_info.c.obj
 .binary_info.keep.__bi_ptr38
                0x10008110        0x4 CMakeFiles/myblink_w.dir/C_/Program_Files/Raspberry_Pi/Pico_SDK_v1.5.1/pico-sdk/src/rp2_common/pico_standard_link/binary_info.c.obj
 .binary_info.keep.__bi_ptr44
                0x10008114        0x4 CMakeFiles/myblink_w.dir/C_/Program_Files/Raspberry_Pi/Pico_SDK_v1.5.1/pico-sdk/src/rp2_common/pico_standard_link/binary_info.c.obj
 .binary_info.keep.__bi_ptr50
                0x10008118        0x4 CMakeFiles/myblink_w.dir/C_/Program_Files/Raspberry_Pi/Pico_SDK_v1.5.1/pico-sdk/src/rp2_common/pico_standard_link/binary_info.c.obj
 .binary_info.keep.__bi_ptr75
                0x1000811c        0x4 CMakeFiles/myblink_w.dir/C_/Program_Files/Raspberry_Pi/Pico_SDK_v1.5.1/pico-sdk/src/rp2_common/pico_standard_link/binary_info.c.obj
 .binary_info.keep.__bi_ptr81
                0x10008120        0x4 CMakeFiles/myblink_w.dir/C_/Program_Files/Raspberry_Pi/Pico_SDK_v1.5.1/pico-sdk/src/rp2_common/pico_standard_link/binary_info.c.obj
 *(.binary_info.*)
 .binary_info.__bi_ptr182
                0x10008124        0x4 CMakeFiles/myblink_w.dir/C_/Program_Files/Raspberry_Pi/Pico_SDK_v1.5.1/pico-sdk/src/rp2_common/pico_stdio_usb/stdio_usb.c.obj
                0x10008128                __binary_info_end = .

.rel.dyn        0x10008128        0x0
 .rel.iplt      0x10008128        0x0 c:/progra~1/raspbe~1/picosd~1.1/gcc-ar~1/bin/../lib/gcc/arm-none-eabi/10.3.1/thumb/v6-m/nofp/crtbegin.o
                0x10008128                . = ALIGN (0x4)

.ram_vector_table
                0x20000000       0xc0
 *(.ram_vector_table)
 .ram_vector_table
                0x20000000       0xc0 CMakeFiles/myblink_w.dir/C_/Program_Files/Raspberry_Pi/Pico_SDK_v1.5.1/pico-sdk/src/rp2_common/pico_runtime/runtime.c.obj
                0x20000000                ram_vector_table

.data           0x200000c0     0x1600 load address 0x10008128
                0x200000c0                __data_start__ = .
 *(vtable)
 *(.time_critical*)
 .time_critical.mutex_try_enter
                0x200000c0       0x46 CMakeFiles/myblink_w.dir/C_/Program_Files/Raspberry_Pi/Pico_SDK_v1.5.1/pico-sdk/src/common/pico_sync/mutex.c.obj
                0x200000c0                mutex_try_enter
 *fill*         0x20000106        0x2 
 .time_critical.mutex_enter_block_until
                0x20000108       0x8c CMakeFiles/myblink_w.dir/C_/Program_Files/Raspberry_Pi/Pico_SDK_v1.5.1/pico-sdk/src/common/pico_sync/mutex.c.obj
                0x20000108                mutex_enter_block_until
 .time_critical.mutex_try_enter_block_until
                0x20000194       0x34 CMakeFiles/myblink_w.dir/C_/Program_Files/Raspberry_Pi/Pico_SDK_v1.5.1/pico-sdk/src/common/pico_sync/mutex.c.obj
                0x20000194                mutex_try_enter_block_until
 .time_critical.mutex_enter_timeout_ms
                0x200001c8       0x68 CMakeFiles/myblink_w.dir/C_/Program_Files/Raspberry_Pi/Pico_SDK_v1.5.1/pico-sdk/src/common/pico_sync/mutex.c.obj
                0x200001c8                mutex_enter_timeout_ms
 .time_critical.mutex_exit
                0x20000230       0x4c CMakeFiles/myblink_w.dir/C_/Program_Files/Raspberry_Pi/Pico_SDK_v1.5.1/pico-sdk/src/common/pico_sync/mutex.c.obj
                0x20000230                mutex_exit
 .time_critical.flash_init_boot2_copyout
                0x2000027c       0x30 CMakeFiles/myblink_w.dir/C_/Program_Files/Raspberry_Pi/Pico_SDK_v1.5.1/pico-sdk/src/rp2_common/hardware_flash/flash.c.obj
 .time_critical.flash_enable_xip_via_boot2
                0x200002ac       0x10 CMakeFiles/myblink_w.dir/C_/Program_Files/Raspberry_Pi/Pico_SDK_v1.5.1/pico-sdk/src/rp2_common/hardware_flash/flash.c.obj
 .time_critical.flash_cs_force
                0x200002bc       0x28 CMakeFiles/myblink_w.dir/C_/Program_Files/Raspberry_Pi/Pico_SDK_v1.5.1/pico-sdk/src/rp2_common/hardware_flash/flash.c.obj
 .time_critical.flash_do_cmd
                0x200002e4       0xd8 CMakeFiles/myblink_w.dir/C_/Program_Files/Raspberry_Pi/Pico_SDK_v1.5.1/pico-sdk/src/rp2_common/hardware_flash/flash.c.obj
                0x200002e4                flash_do_cmd
 .time_critical.reset_non_control_endpoints
                0x200003bc       0x40 CMakeFiles/myblink_w.dir/C_/Program_Files/Raspberry_Pi/Pico_SDK_v1.5.1/pico-sdk/lib/tinyusb/src/portable/raspberrypi/rp2040/dcd_rp2040.c.obj
 .time_critical.hw_handle_buff_status
                0x200003fc       0xa4 CMakeFiles/myblink_w.dir/C_/Program_Files/Raspberry_Pi/Pico_SDK_v1.5.1/pico-sdk/lib/tinyusb/src/portable/raspberrypi/rp2040/dcd_rp2040.c.obj
 .time_critical.dcd_rp2040_irq
                0x200004a0      0x1cc CMakeFiles/myblink_w.dir/C_/Program_Files/Raspberry_Pi/Pico_SDK_v1.5.1/pico-sdk/lib/tinyusb/src/portable/raspberrypi/rp2040/dcd_rp2040.c.obj
 .time_critical.e15_is_bulkin_ep
                0x2000066c       0x2c CMakeFiles/myblink_w.dir/C_/Program_Files/Raspberry_Pi/Pico_SDK_v1.5.1/pico-sdk/lib/tinyusb/src/portable/raspberrypi/rp2040/rp2040_usb.c.obj
 .time_critical.e15_is_critical_frame_period
                0x20000698       0x30 CMakeFiles/myblink_w.dir/C_/Program_Files/Raspberry_Pi/Pico_SDK_v1.5.1/pico-sdk/lib/tinyusb/src/portable/raspberrypi/rp2040/rp2040_usb.c.obj
 .time_critical.prepare_ep_buffer
                0x200006c8       0x70 CMakeFiles/myblink_w.dir/C_/Program_Files/Raspberry_Pi/Pico_SDK_v1.5.1/pico-sdk/lib/tinyusb/src/portable/raspberrypi/rp2040/rp2040_usb.c.obj
 .time_critical.sync_ep_buffer
                0x20000738       0x80 CMakeFiles/myblink_w.dir/C_/Program_Files/Raspberry_Pi/Pico_SDK_v1.5.1/pico-sdk/lib/tinyusb/src/portable/raspberrypi/rp2040/rp2040_usb.c.obj
 .time_critical._hw_endpoint_xfer_sync
                0x200007b8       0x28 CMakeFiles/myblink_w.dir/C_/Program_Files/Raspberry_Pi/Pico_SDK_v1.5.1/pico-sdk/lib/tinyusb/src/portable/raspberrypi/rp2040/rp2040_usb.c.obj
 .time_critical.hw_endpoint_reset_transfer
                0x200007e0        0xc CMakeFiles/myblink_w.dir/C_/Program_Files/Raspberry_Pi/Pico_SDK_v1.5.1/pico-sdk/lib/tinyusb/src/portable/raspberrypi/rp2040/rp2040_usb.c.obj
                0x200007e0                hw_endpoint_reset_transfer
 .time_critical._hw_endpoint_buffer_control_update32
                0x200007ec       0x58 CMakeFiles/myblink_w.dir/C_/Program_Files/Raspberry_Pi/Pico_SDK_v1.5.1/pico-sdk/lib/tinyusb/src/portable/raspberrypi/rp2040/rp2040_usb.c.obj
                0x200007ec                _hw_endpoint_buffer_control_update32
 .time_critical.hw_endpoint_start_next_buffer
                0x20000844       0x88 CMakeFiles/myblink_w.dir/C_/Program_Files/Raspberry_Pi/Pico_SDK_v1.5.1/pico-sdk/lib/tinyusb/src/portable/raspberrypi/rp2040/rp2040_usb.c.obj
                0x20000844                hw_endpoint_start_next_buffer
 .time_critical.hw_endpoint_xfer_continue
                0x200008cc       0x50 CMakeFiles/myblink_w.dir/C_/Program_Files/Raspberry_Pi/Pico_SDK_v1.5.1/pico-sdk/lib/tinyusb/src/portable/raspberrypi/rp2040/rp2040_usb.c.obj
                0x200008cc                hw_endpoint_xfer_continue
 .time_critical.tinyusb
                0x2000091c      0x200 CMakeFiles/myblink_w.dir/C_/Program_Files/Raspberry_Pi/Pico_SDK_v1.5.1/pico-sdk/lib/tinyusb/src/device/usbd.c.obj
                0x2000091c                dcd_event_handler
 *(.text*)
 .text          0x20000b1c        0x4 c:/progra~1/raspbe~1/picosd~1.1/gcc-ar~1/bin/../lib/gcc/arm-none-eabi/10.3.1/thumb/v6-m/nofp\libgcc.a(_dvmd_tls.o)
                0x20000b1c                __aeabi_idiv0
                0x20000b1c                __aeabi_ldiv0
 .text.__stub   0x20000b20       0x90 linker stubs
                0x20000bb0                . = ALIGN (0x4)
 *(.rodata*)
                0x20000bb0                . = ALIGN (0x4)
 *(.data*)
 .data.ampl.1   0x20000bb0        0x2 CMakeFiles/myblink_w.dir/Senal_pwm.c.obj
 *fill*         0x20000bb2        0x2 
 .data.binarios_qua
                0x20000bb4        0x4 CMakeFiles/myblink_w.dir/Senal_pwm.c.obj
                0x20000bb4                binarios_qua
 .data.binarios_sao
                0x20000bb8      0x1f4 CMakeFiles/myblink_w.dir/Senal_pwm.c.obj
                0x20000bb8                binarios_sao
 .data.binarios_senoidal
                0x20000dac      0x1f4 CMakeFiles/myblink_w.dir/Senal_pwm.c.obj
                0x20000dac                binarios_senoidal
 .data.binarios_triac
                0x20000fa0      0x1f4 CMakeFiles/myblink_w.dir/Senal_pwm.c.obj
                0x20000fa0                binarios_triac
 .data.striped_spin_lock_num
                0x20001194        0x1 CMakeFiles/myblink_w.dir/C_/Program_Files/Raspberry_Pi/Pico_SDK_v1.5.1/pico-sdk/src/rp2_common/hardware_sync/sync.c.obj
 *fill*         0x20001195        0x3 
 .data          0x20001198       0x48 CMakeFiles/myblink_w.dir/C_/Program_Files/Raspberry_Pi/Pico_SDK_v1.5.1/pico-sdk/src/rp2_common/hardware_irq/irq_handler_chain.S.obj
                0x20001198                irq_handler_chain_slots
                0x200011c8                irq_handler_chain_first_slot
                0x200011d2                irq_handler_chain_remove_tail
 .data.default_alarm_pool
                0x200011e0       0x18 CMakeFiles/myblink_w.dir/C_/Program_Files/Raspberry_Pi/Pico_SDK_v1.5.1/pico-sdk/src/common/pico_time/time.c.obj
 .data.default_alarm_pool_heap